******************************************************************************
                  TI ARM Linker PC v18.12.3                    
******************************************************************************
>> Linked Mon Dec  9 09:46:33 2019

OUTPUT FILE NAME:   <Pedometer_Watch.out>
ENTRY POINT SYMBOL: "_c_int00_noargs"  address: 00002e7d


MEMORY CONFIGURATION

         name            origin    length      used     unused   attr    fill
----------------------  --------  ---------  --------  --------  ----  --------
  MAIN                  00000000   00040000  000032c9  0003cd37  R  X
  INFO                  00200000   00004000  00000000  00004000  R  X
  SRAM_CODE             01000000   00010000  000009b7  0000f649  RW X
  SRAM_DATA             20000000   00010000  000009b7  0000f649  RW  


SEGMENT ALLOCATION MAP

run origin  load origin   length   init length attrs members
----------  ----------- ---------- ----------- ----- -------
00000000    00000000    000032d0   000032d0    r-x
  00000000    00000000    000000e4   000000e4    r-- .intvecs
  000000e4    000000e4    00003054   00003054    r-x .text
  00003138    00003138    00000101   00000101    r-- .const
  00003240    00003240    00000090   00000090    r-- .cinit
20000000    20000000    000007b7   00000000    rw-
  20000000    20000000    00000400   00000000    rw- .sysmem
  20000400    20000400    000001ec   00000000    rw- .data
  200005ec    200005ec    000001cb   00000000    rw- .bss
2000fe00    2000fe00    00000200   00000000    rw-
  2000fe00    2000fe00    00000200   00000000    rw- .stack


SECTION ALLOCATION MAP

 output                                  attributes/
section   page    origin      length       input sections
--------  ----  ----------  ----------   ----------------
.intvecs   0    00000000    000000e4     
                  00000000    000000e4     startup_msp432p401r_ccs.obj (.intvecs:retain)

.text      0    000000e4    00003054     
                  000000e4    00000a4e     rtsv7M4_T_le_v4SPD16_eabi.lib : _printfi.c.obj (.text:__TI_printfi)
                  00000b32    00000002                                   : _lock.c.obj (.text:_nop)
                  00000b34    00000334     system_msp432p401r.obj (.text)
                  00000e68    00000270     rtsv7M4_T_le_v4SPD16_eabi.lib : _printfi.c.obj (.text:_pconv_a)
                  000010d8    000001d0                                   : _printfi.c.obj (.text:_pconv_g)
                  000012a8    000001b6                                   : fd_add_t2.asm.obj (.text)
                  0000145e    00000002                                   : div0.asm.obj (.text)
                  00001460    00000194     i2c.obj (.text)
                  000015f4    0000013c     rtsv7M4_T_le_v4SPD16_eabi.lib : _printfi.c.obj (.text:_pconv_e)
                  00001730    00000138     rtc.obj (.text)
                  00001868    00000136     rtsv7M4_T_le_v4SPD16_eabi.lib : fd_div_t2.asm.obj (.text)
                  0000199e    00000002     --HOLE-- [fill = 0]
                  000019a0    00000124                                   : _printfi.c.obj (.text:fcvt)
                  00001ac4    00000114                                   : fputs.c.obj (.text:fputs)
                  00001bd8    00000110                                   : s_scalbn.c.obj (.text:scalbn)
                  00001ce8    000000fc                                   : fd_mul_t2.asm.obj (.text)
                  00001de4    000000f4                                   : memory.c.obj (.text:aligned_alloc)
                  00001ed8    000000e8                                   : memory.c.obj (.text:free)
                  00001fc0    000000dc                                   : setvbuf.c.obj (.text:setvbuf)
                  0000209c    000000b1                                   : _printfi.c.obj (.text:_ltostr)
                  0000214d    00000001     --HOLE-- [fill = 0]
                  0000214e    0000009c                                   : memcpy_t2.asm.obj (.text)
                  000021ea    00000096                                   : ull_div_t2.asm.obj (.text)
                  00002280    0000008c                                   : fputc.c.obj (.text:fputc)
                  0000230c    00000086                                   : fd_cmp_t2.asm.obj (.text:__aeabi_cdcmple)
                  00002392    00000086                                   : fd_cmp_t2.asm.obj (.text:__aeabi_cdrcmple)
                  00002418    0000007c                                   : memory.c.obj (.text:split)
                  00002494    0000007a                                   : memset_t2.asm.obj (.text)
                  0000250e    00000002     --HOLE-- [fill = 0]
                  00002510    00000074                                   : fclose.c.obj (.text:__TI_closefile)
                  00002584    0000006e                                   : _printfi.c.obj (.text:_mcpy)
                  000025f2    00000002     --HOLE-- [fill = 0]
                  000025f4    0000006c                                   : hostrename.c.obj (.text:HOSTrename)
                  00002660    00000068                                   : hostlseek.c.obj (.text:HOSTlseek)
                  000026c8    00000068                                   : copy_decompress_lzss.c.obj (.text:decompress:lzss:__TI_decompress_lzss)
                  00002730    00000068                                   : printf.c.obj (.text:printf)
                  00002798    00000064                                   : s_frexp.c.obj (.text:frexp)
                  000027fc    00000064                                   : fseek.c.obj (.text:fseek)
                  00002860    00000062                                   : _io_perm.c.obj (.text:__TI_wrt_ok)
                  000028c2    00000002     --HOLE-- [fill = 0]
                  000028c4    00000060                                   : hostopen.c.obj (.text:HOSTopen)
                  00002924    0000005c                                   : close.c.obj (.text:close)
                  00002980    00000058                                   : hostread.c.obj (.text:HOSTread)
                  000029d8    00000058                                   : hostwrite.c.obj (.text:HOSTwrite)
                  00002a30    00000056                                   : _printfi.c.obj (.text:_pconv_f)
                  00002a86    00000054                                   : ltoa.c.obj (.text:ltoa)
                  00002ada    00000052                                   : _printfi.c.obj (.text:_ecpy)
                  00002b2c    0000004c                                   : fflush.c.obj (.text:__TI_doflush)
                  00002b78    0000004c                                   : atoi.c.obj (.text:atoi)
                  00002bc4    00000048                                   : exit.c.obj (.text:exit)
                  00002c0c    00000048                                   : fd_toi_t2.asm.obj (.text)
                  00002c54    00000044                                   : hostclose.c.obj (.text:HOSTclose)
                  00002c98    00000044                                   : hostunlink.c.obj (.text:HOSTunlink)
                  00002cdc    00000044                                   : autoinit.c.obj (.text:__TI_auto_init_nobinit_nopinit:__TI_auto_init_nobinit_nopinit)
                  00002d20    00000044                                   : getdevice.c.obj (.text:getdevice)
                  00002d64    0000003e                                   : _printfi.c.obj (.text:_fcpy)
                  00002da2    00000002     --HOLE-- [fill = 0]
                  00002da4    00000038                                   : trgmsg.c.obj (.text:__TI_writemsg)
                  00002ddc    00000036                                   : strncpy.c.obj (.text:strncpy)
                  00002e12    00000002     --HOLE-- [fill = 0]
                  00002e14    00000034                                   : fopen.c.obj (.text:__TI_cleanup)
                  00002e48    00000034                                   : trgmsg.c.obj (.text:__TI_readmsg)
                  00002e7c    00000034                                   : boot_cortex_m.c.obj (.text:_c_int00_noargs:_c_int00_noargs)
                  00002eb0    00000030                                   : getdevice.c.obj (.text:finddevice)
                  00002ee0    00000030     time.obj (.text)
                  00002f10    0000002e     rtsv7M4_T_le_v4SPD16_eabi.lib : i_tofd_t2.asm.obj (.text)
                  00002f3e    00000002     --HOLE-- [fill = 0]
                  00002f40    0000002c                                   : unlink.c.obj (.text:unlink)
                  00002f6c    00000028                                   : memory.c.obj (.text:free_list_insert)
                  00002f94    00000028                                   : lseek.c.obj (.text:lseek)
                  00002fbc    00000028                                   : write.c.obj (.text:write)
                  00002fe4    00000020     main.obj (.text)
                  00003004    00000020     rtsv7M4_T_le_v4SPD16_eabi.lib : memchr.c.obj (.text:memchr)
                  00003024    0000001c                                   : copy_zero_init.c.obj (.text:decompress:ZI:__TI_zero_init_nomemset:__TI_zero_init_nomemset)
                  00003040    0000001c                                   : memory.c.obj (.text:free_list_remove)
                  0000305c    0000001c                                   : memccpy.c.obj (.text:memccpy)
                  00003078    0000001a                                   : s_copysign.c.obj (.text:copysign)
                  00003092    00000018                                   : strcmp.c.obj (.text:strcmp)
                  000030aa    00000016                                   : strchr.c.obj (.text:strchr)
                  000030c0    00000014                                   : strcpy.c.obj (.text:strcpy)
                  000030d4    00000014                                   : strlen.c.obj (.text:strlen)
                  000030e8    00000012                                   : wcslen.c.obj (.text:wcslen)
                  000030fa    0000000e                                   : copy_decompress_none.c.obj (.text:decompress:none:__TI_decompress_none)
                  00003108    0000000e     startup_msp432p401r_ccs.obj (.text)
                  00003116    00000002     --HOLE-- [fill = 0]
                  00003118    00000008     rtsv7M4_T_le_v4SPD16_eabi.lib : errno.c.obj (.text:__aeabi_errno_addr)
                  00003120    00000008                                   : memory.c.obj (.text:malloc)
                  00003128    00000004                                   : printf.c.obj (.text:_outc)
                  0000312c    00000004                                   : printf.c.obj (.text:_outs)
                  00003130    00000004                                   : pre_init.c.obj (.text:_system_pre_init)
                  00003134    00000004                                   : exit.c.obj (.text:abort:abort)

.const     0    00003138    00000101     
                  00003138    00000101     rtsv7M4_T_le_v4SPD16_eabi.lib : ctype.c.obj (.const:.string:_ctypes_)

.cinit     0    00003240    00000090     
                  00003240    0000006c     (.cinit..data.load) [load image, compression = lzss]
                  000032ac    0000000c     (__TI_handler_table)
                  000032b8    00000008     (.cinit..bss.load) [load image, compression = zero_init]
                  000032c0    00000010     (__TI_cinit_table)

.init_array 
*          0    00000000    00000000     UNINITIALIZED

.binit     0    00000000    00000000     

.sysmem    0    20000000    00000400     UNINITIALIZED
                  20000000    00000010     rtsv7M4_T_le_v4SPD16_eabi.lib : memory.c.obj (.sysmem)
                  20000010    000003f0     --HOLE--

.data      0    20000400    000001ec     UNINITIALIZED
                  20000400    000000f0     rtsv7M4_T_le_v4SPD16_eabi.lib : defs.c.obj (.data:_ftable)
                  200004f0    00000078                                   : host_device.c.obj (.data:_device)
                  20000568    00000050                                   : host_device.c.obj (.data:_stream)
                  200005b8    00000010                                   : defs.c.obj (.data)
                  200005c8    0000000c                                   : exit.c.obj (.data:$O1$$)
                  200005d4    00000008                                   : _lock.c.obj (.data:$O1$$)
                  200005dc    00000008                                   : memory.c.obj (.data:$O1$$)
                  200005e4    00000004                                   : errno.c.obj (.data)
                  200005e8    00000004     system_msp432p401r.obj (.data)

.bss       0    200005ec    000001cb     UNINITIALIZED
                  200005ec    00000120     rtsv7M4_T_le_v4SPD16_eabi.lib : trgmsg.c.obj (.bss:_CIOBUF_)
                  2000070c    000000a0     (.common:__TI_tmpnams)
                  200007ac    00000008     (.common:parmbuf)
                  200007b4    00000001     (.common:BSD_current_min)
                  200007b5    00000001     (.common:BSD_hour_24)
                  200007b6    00000001     (.common:BSD_min)

.stack     0    2000fe00    00000200     UNINITIALIZED
                  2000fe00    00000004     rtsv7M4_T_le_v4SPD16_eabi.lib : boot_cortex_m.c.obj (.stack)
                  2000fe04    000001fc     --HOLE--

MODULE SUMMARY

       Module                        code    ro data   rw data
       ------                        ----    -------   -------
    .\
       system_msp432p401r.obj        820     0         8      
       i2c.obj                       404     0         0      
       rtc.obj                       312     0         0      
       startup_msp432p401r_ccs.obj   14      228       0      
       time.obj                      48      0         0      
       main.obj                      32      0         6      
    +--+-----------------------------+-------+---------+---------+
       Total:                        1630    228       14     
                                                              
    C:\ti\ccs910\ccs\tools\compiler\ti-cgt-arm_18.12.3.LTS\lib\rtsv7M4_T_le_v4SPD16_eabi.lib
       _printfi.c.obj                4851    0         0      
       defs.c.obj                    0       0         832    
       memory.c.obj                  676     0         16     
       trgmsg.c.obj                  108     0         576    
       fd_add_t2.asm.obj             438     0         0      
       host_device.c.obj             0       0         400    
       fd_div_t2.asm.obj             310     0         0      
       fputs.c.obj                   276     0         0      
       s_scalbn.c.obj                272     0         0      
       fd_cmp_t2.asm.obj             268     0         0      
       ctype.c.obj                   0       257       0      
       fd_mul_t2.asm.obj             252     0         0      
       setvbuf.c.obj                 220     0         0      
       memcpy_t2.asm.obj             156     0         0      
       ull_div_t2.asm.obj            150     0         0      
       fputc.c.obj                   140     0         0      
       memset_t2.asm.obj             122     0         0      
       fclose.c.obj                  116     0         0      
       getdevice.c.obj               116     0         0      
       hostopen.c.obj                96      0         16     
       printf.c.obj                  112     0         0      
       hostrename.c.obj              108     0         0      
       copy_decompress_lzss.c.obj    104     0         0      
       hostlseek.c.obj               104     0         0      
       exit.c.obj                    76      0         24     
       fseek.c.obj                   100     0         0      
       s_frexp.c.obj                 100     0         0      
       _io_perm.c.obj                98      0         0      
       close.c.obj                   92      0         0      
       hostread.c.obj                88      0         0      
       hostwrite.c.obj               88      0         0      
       ltoa.c.obj                    84      0         0      
       atoi.c.obj                    76      0         0      
       fflush.c.obj                  76      0         0      
       fd_toi_t2.asm.obj             72      0         0      
       autoinit.c.obj                68      0         0      
       hostclose.c.obj               68      0         0      
       hostunlink.c.obj              68      0         0      
       strncpy.c.obj                 54      0         0      
       boot_cortex_m.c.obj           52      0         0      
       fopen.c.obj                   52      0         0      
       i_tofd_t2.asm.obj             46      0         0      
       unlink.c.obj                  44      0         0      
       lseek.c.obj                   40      0         0      
       write.c.obj                   40      0         0      
       memchr.c.obj                  32      0         0      
       copy_zero_init.c.obj          28      0         0      
       memccpy.c.obj                 28      0         0      
       s_copysign.c.obj              26      0         0      
       strcmp.c.obj                  24      0         0      
       strchr.c.obj                  22      0         0      
       strcpy.c.obj                  20      0         0      
       strlen.c.obj                  20      0         0      
       _lock.c.obj                   2       0         16     
       wcslen.c.obj                  18      0         0      
       errno.c.obj                   8       0         8      
       copy_decompress_none.c.obj    14      0         0      
       pre_init.c.obj                4       0         0      
       div0.asm.obj                  2       0         0      
    +--+-----------------------------+-------+---------+---------+
       Total:                        10725   257       1888   
                                                              
       Heap:                         0       0         2048   
       Stack:                        0       0         1024   
       Linker Generated:             0       144       0      
    +--+-----------------------------+-------+---------+---------+
       Grand Total:                  12355   629       4974   


LINKER GENERATED COPY TABLES

__TI_cinit_table @ 000032c0 records: 2, size/record: 8, table size: 16
	.data: load addr=00003240, load size=0000006c bytes, run addr=20000400, run size=000001ec bytes, compression=lzss
	.bss: load addr=000032b8, load size=00000008 bytes, run addr=200005ec, run size=000001cb bytes, compression=zero_init


LINKER GENERATED HANDLER TABLE

__TI_handler_table @ 000032ac records: 3, size/record: 4, table size: 12
	index: 0, handler: __TI_decompress_lzss
	index: 1, handler: __TI_decompress_none
	index: 2, handler: __TI_zero_init


GLOBAL SYMBOLS: SORTED ALPHABETICALLY BY Name 

address   name                           
-------   ----                           
00003115  ADC14_IRQHandler               
00003115  AES256_IRQHandler              
200007b4  BSD_current_min                
200007b5  BSD_hour_24                    
200007b6  BSD_min                        
00003115  BusFault_Handler               
00003135  C$$EXIT                        
00002dd3  C$$IO$$                        
00003115  COMP_E0_IRQHandler             
00003115  COMP_E1_IRQHandler             
00003115  CS_IRQHandler                  
00003115  DMA_ERR_IRQHandler             
00003115  DMA_INT0_IRQHandler            
00003115  DMA_INT1_IRQHandler            
00003115  DMA_INT2_IRQHandler            
00003115  DMA_INT3_IRQHandler            
00003115  DebugMon_Handler               
00003115  Default_Handler                
00003115  EUSCIA0_IRQHandler             
00003115  EUSCIA1_IRQHandler             
00003115  EUSCIA2_IRQHandler             
00003115  EUSCIA3_IRQHandler             
00003115  EUSCIB0_IRQHandler             
00003115  EUSCIB1_IRQHandler             
00003115  EUSCIB2_IRQHandler             
00003115  EUSCIB3_IRQHandler             
00003115  FLCTL_IRQHandler               
00003115  FPU_IRQHandler                 
00002c55  HOSTclose                      
00002661  HOSTlseek                      
000028c5  HOSTopen                       
00002981  HOSTread                       
000025f5  HOSTrename                     
00002c99  HOSTunlink                     
000029d9  HOSTwrite                      
00003115  HardFault_Handler              
00003115  MemManage_Handler              
00003115  NMI_Handler                    
00003115  PCM_IRQHandler                 
00003115  PORT1_IRQHandler               
00003115  PORT2_IRQHandler               
00003115  PORT3_IRQHandler               
00003115  PORT4_IRQHandler               
00003115  PORT5_IRQHandler               
00003115  PORT6_IRQHandler               
00003115  PSS_IRQHandler                 
00003115  PendSV_Handler                 
000017d1  RTC_C_IRQHandler               
000017d1  RTC_C_IRQHandler               
00003109  Reset_Handler                  
00003115  SVC_Handler                    
00003115  SysTick_Handler                
200005e8  SystemCoreClock                
00000b35  SystemCoreClockUpdate          
00000dad  SystemInit                     
00003115  T32_INT1_IRQHandler            
00003115  T32_INT2_IRQHandler            
00003115  T32_INTC_IRQHandler            
00003115  TA0_0_IRQHandler               
00003115  TA0_N_IRQHandler               
00003115  TA1_0_IRQHandler               
00003115  TA1_N_IRQHandler               
00003115  TA2_0_IRQHandler               
00003115  TA2_N_IRQHandler               
00003115  TA3_0_IRQHandler               
00003115  TA3_N_IRQHandler               
00003115  UsageFault_Handler             
4000480c  WDTCTL_SYM                     
00003115  WDT_A_IRQHandler               
200005ec  __CIOBUF_                      
20010000  __STACK_END                    
00000200  __STACK_SIZE                   
00000400  __SYSMEM_SIZE                  
000032c0  __TI_CINIT_Base                
000032d0  __TI_CINIT_Limit               
000032ac  __TI_Handler_Table_Base        
000032b8  __TI_Handler_Table_Limit       
00002cdd  __TI_auto_init_nobinit_nopinit 
00002e15  __TI_cleanup                   
200005c8  __TI_cleanup_ptr               
00002511  __TI_closefile                 
000026c9  __TI_decompress_lzss           
000030fb  __TI_decompress_none           
00002b2d  __TI_doflush                   
200005cc  __TI_dtors_ptr                 
200005d0  __TI_enable_exit_profile_output
200005b8  __TI_ft_end                    
ffffffff  __TI_pprof_out_hndl            
000000e5  __TI_printfi                   
ffffffff  __TI_prof_data_size            
ffffffff  __TI_prof_data_start           
00002e49  __TI_readmsg                   
00000000  __TI_static_base__             
2000070c  __TI_tmpnams                   
00002da5  __TI_writemsg                  
00002861  __TI_wrt_ok                    
00003025  __TI_zero_init_nomemset        
0000230d  __aeabi_cdcmpeq                
0000230d  __aeabi_cdcmple                
00002393  __aeabi_cdrcmple               
00002c0d  __aeabi_d2iz                   
000012b3  __aeabi_dadd                   
00001869  __aeabi_ddiv                   
00001ce9  __aeabi_dmul                   
000012a9  __aeabi_dsub                   
00003119  __aeabi_errno_addr             
00002f11  __aeabi_i2d                    
0000145f  __aeabi_idiv0                  
0000145f  __aeabi_ldiv0                  
00002495  __aeabi_memclr                 
00002495  __aeabi_memclr4                
00002495  __aeabi_memclr8                
0000214f  __aeabi_memcpy                 
0000214f  __aeabi_memcpy4                
0000214f  __aeabi_memcpy8                
00002497  __aeabi_memset                 
00002497  __aeabi_memset4                
00002497  __aeabi_memset8                
200005c4  __aeabi_stderr                 
200005bc  __aeabi_stdin                  
200005c0  __aeabi_stdout                 
000021eb  __aeabi_uldivmod               
ffffffff  __binit__                      
ffffffff  __c_args__                     
UNDEFED   __mpu_init                     
2000fe00  __stack                        
00002e7d  _c_int00_noargs                
00003138  _ctypes_                       
200004f0  _device                        
20000400  _ftable                        
200005d4  _lock                          
00000b33  _nop                           
20000568  _stream                        
20000000  _sys_memory                    
UNDEFED   _system_post_cinit             
00003131  _system_pre_init               
200005d8  _unlock                        
00003135  abort                          
00001de5  aligned_alloc                  
00002b79  atoi                           
ffffffff  binit                          
00002925  close                          
00001731  config_rtc                     
00003079  copysign                       
00003079  copysignl                      
200005e4  errno                          
00002bc5  exit                           
00002eb1  finddevice                     
00002281  fputc                          
00001ac5  fputs                          
00001ed9  free                           
00002799  frexp                          
00002799  frexpl                         
000027fd  fseek                          
00002d21  getdevice                      
00001461  init_i2c                       
00000000  interruptVectors               
00001bd9  ldexp                          
00001bd9  ldexpl                         
00002f95  lseek                          
00002a87  ltoa                           
00002fe5  main                           
00003121  malloc                         
00001de5  memalign                       
0000305d  memccpy                        
00003005  memchr                         
0000214f  memcpy                         
0000249d  memset                         
200007ac  parmbuf                        
00002731  printf                         
00002281  putc                           
00002f41  remove                         
00002ee1  run_time                       
000014a1  rx_data                        
00001bd9  scalbn                         
00001bd9  scalbnl                        
00001fc1  setvbuf                        
000030ab  strchr                         
00003093  strcmp                         
000030c1  strcpy                         
000030d5  strlen                         
00002ddd  strncpy                        
0000154d  tx_data                        
00002f41  unlink                         
000030e9  wcslen                         
00002fbd  write                          


GLOBAL SYMBOLS: SORTED BY Symbol Address 

address   name                           
-------   ----                           
00000000  __TI_static_base__             
00000000  interruptVectors               
000000e5  __TI_printfi                   
00000200  __STACK_SIZE                   
00000400  __SYSMEM_SIZE                  
00000b33  _nop                           
00000b35  SystemCoreClockUpdate          
00000dad  SystemInit                     
000012a9  __aeabi_dsub                   
000012b3  __aeabi_dadd                   
0000145f  __aeabi_idiv0                  
0000145f  __aeabi_ldiv0                  
00001461  init_i2c                       
000014a1  rx_data                        
0000154d  tx_data                        
00001731  config_rtc                     
000017d1  RTC_C_IRQHandler               
000017d1  RTC_C_IRQHandler               
00001869  __aeabi_ddiv                   
00001ac5  fputs                          
00001bd9  ldexp                          
00001bd9  ldexpl                         
00001bd9  scalbn                         
00001bd9  scalbnl                        
00001ce9  __aeabi_dmul                   
00001de5  aligned_alloc                  
00001de5  memalign                       
00001ed9  free                           
00001fc1  setvbuf                        
0000214f  __aeabi_memcpy                 
0000214f  __aeabi_memcpy4                
0000214f  __aeabi_memcpy8                
0000214f  memcpy                         
000021eb  __aeabi_uldivmod               
00002281  fputc                          
00002281  putc                           
0000230d  __aeabi_cdcmpeq                
0000230d  __aeabi_cdcmple                
00002393  __aeabi_cdrcmple               
00002495  __aeabi_memclr                 
00002495  __aeabi_memclr4                
00002495  __aeabi_memclr8                
00002497  __aeabi_memset                 
00002497  __aeabi_memset4                
00002497  __aeabi_memset8                
0000249d  memset                         
00002511  __TI_closefile                 
000025f5  HOSTrename                     
00002661  HOSTlseek                      
000026c9  __TI_decompress_lzss           
00002731  printf                         
00002799  frexp                          
00002799  frexpl                         
000027fd  fseek                          
00002861  __TI_wrt_ok                    
000028c5  HOSTopen                       
00002925  close                          
00002981  HOSTread                       
000029d9  HOSTwrite                      
00002a87  ltoa                           
00002b2d  __TI_doflush                   
00002b79  atoi                           
00002bc5  exit                           
00002c0d  __aeabi_d2iz                   
00002c55  HOSTclose                      
00002c99  HOSTunlink                     
00002cdd  __TI_auto_init_nobinit_nopinit 
00002d21  getdevice                      
00002da5  __TI_writemsg                  
00002dd3  C$$IO$$                        
00002ddd  strncpy                        
00002e15  __TI_cleanup                   
00002e49  __TI_readmsg                   
00002e7d  _c_int00_noargs                
00002eb1  finddevice                     
00002ee1  run_time                       
00002f11  __aeabi_i2d                    
00002f41  remove                         
00002f41  unlink                         
00002f95  lseek                          
00002fbd  write                          
00002fe5  main                           
00003005  memchr                         
00003025  __TI_zero_init_nomemset        
0000305d  memccpy                        
00003079  copysign                       
00003079  copysignl                      
00003093  strcmp                         
000030ab  strchr                         
000030c1  strcpy                         
000030d5  strlen                         
000030e9  wcslen                         
000030fb  __TI_decompress_none           
00003109  Reset_Handler                  
00003115  ADC14_IRQHandler               
00003115  AES256_IRQHandler              
00003115  BusFault_Handler               
00003115  COMP_E0_IRQHandler             
00003115  COMP_E1_IRQHandler             
00003115  CS_IRQHandler                  
00003115  DMA_ERR_IRQHandler             
00003115  DMA_INT0_IRQHandler            
00003115  DMA_INT1_IRQHandler            
00003115  DMA_INT2_IRQHandler            
00003115  DMA_INT3_IRQHandler            
00003115  DebugMon_Handler               
00003115  Default_Handler                
00003115  EUSCIA0_IRQHandler             
00003115  EUSCIA1_IRQHandler             
00003115  EUSCIA2_IRQHandler             
00003115  EUSCIA3_IRQHandler             
00003115  EUSCIB0_IRQHandler             
00003115  EUSCIB1_IRQHandler             
00003115  EUSCIB2_IRQHandler             
00003115  EUSCIB3_IRQHandler             
00003115  FLCTL_IRQHandler               
00003115  FPU_IRQHandler                 
00003115  HardFault_Handler              
00003115  MemManage_Handler              
00003115  NMI_Handler                    
00003115  PCM_IRQHandler                 
00003115  PORT1_IRQHandler               
00003115  PORT2_IRQHandler               
00003115  PORT3_IRQHandler               
00003115  PORT4_IRQHandler               
00003115  PORT5_IRQHandler               
00003115  PORT6_IRQHandler               
00003115  PSS_IRQHandler                 
00003115  PendSV_Handler                 
00003115  SVC_Handler                    
00003115  SysTick_Handler                
00003115  T32_INT1_IRQHandler            
00003115  T32_INT2_IRQHandler            
00003115  T32_INTC_IRQHandler            
00003115  TA0_0_IRQHandler               
00003115  TA0_N_IRQHandler               
00003115  TA1_0_IRQHandler               
00003115  TA1_N_IRQHandler               
00003115  TA2_0_IRQHandler               
00003115  TA2_N_IRQHandler               
00003115  TA3_0_IRQHandler               
00003115  TA3_N_IRQHandler               
00003115  UsageFault_Handler             
00003115  WDT_A_IRQHandler               
00003119  __aeabi_errno_addr             
00003121  malloc                         
00003131  _system_pre_init               
00003135  C$$EXIT                        
00003135  abort                          
00003138  _ctypes_                       
000032ac  __TI_Handler_Table_Base        
000032b8  __TI_Handler_Table_Limit       
000032c0  __TI_CINIT_Base                
000032d0  __TI_CINIT_Limit               
20000000  _sys_memory                    
20000400  _ftable                        
200004f0  _device                        
20000568  _stream                        
200005b8  __TI_ft_end                    
200005bc  __aeabi_stdin                  
200005c0  __aeabi_stdout                 
200005c4  __aeabi_stderr                 
200005c8  __TI_cleanup_ptr               
200005cc  __TI_dtors_ptr                 
200005d0  __TI_enable_exit_profile_output
200005d4  _lock                          
200005d8  _unlock                        
200005e4  errno                          
200005e8  SystemCoreClock                
200005ec  __CIOBUF_                      
2000070c  __TI_tmpnams                   
200007ac  parmbuf                        
200007b4  BSD_current_min                
200007b5  BSD_hour_24                    
200007b6  BSD_min                        
2000fe00  __stack                        
20010000  __STACK_END                    
4000480c  WDTCTL_SYM                     
ffffffff  __TI_pprof_out_hndl            
ffffffff  __TI_prof_data_size            
ffffffff  __TI_prof_data_start           
ffffffff  __binit__                      
ffffffff  __c_args__                     
ffffffff  binit                          
UNDEFED   __mpu_init                     
UNDEFED   _system_post_cinit             

[186 symbols]
