<?xml version="1.0" encoding="ISO-8859-1" ?>
<link_info>
   <banner>TI ARM Linker PC v18.12.3.LTS</banner>
   <copyright>Copyright (c) 1996-2018 Texas Instruments Incorporated</copyright>
   <link_time>0x5df82603</link_time>
   <link_errors>0x0</link_errors>
   <output_file>Pedometer_Watch.out</output_file>
   <entry_point>
      <name>_c_int00_noargs</name>
      <address>0x2f09</address>
   </entry_point>
   <input_file_list>
      <input_file id="fl-2">
         <path>.\</path>
         <kind>object</kind>
         <file>i2c.obj</file>
         <name>i2c.obj</name>
      </input_file>
      <input_file id="fl-3">
         <path>.\</path>
         <kind>object</kind>
         <file>imu.obj</file>
         <name>imu.obj</name>
      </input_file>
      <input_file id="fl-4">
         <path>.\</path>
         <kind>object</kind>
         <file>main.obj</file>
         <name>main.obj</name>
      </input_file>
      <input_file id="fl-5">
         <path>.\</path>
         <kind>object</kind>
         <file>rtc.obj</file>
         <name>rtc.obj</name>
      </input_file>
      <input_file id="fl-6">
         <path>.\</path>
         <kind>object</kind>
         <file>startup_msp432p401r_ccs.obj</file>
         <name>startup_msp432p401r_ccs.obj</name>
      </input_file>
      <input_file id="fl-7">
         <path>.\</path>
         <kind>object</kind>
         <file>system_msp432p401r.obj</file>
         <name>system_msp432p401r.obj</name>
      </input_file>
      <input_file id="fl-b">
         <kind>object</kind>
         <file>&lt;internal&gt;</file>
         <name>&lt;internal&gt;</name>
      </input_file>
      <input_file id="fl-c1">
         <path>C:\ti\ccs910\ccs\tools\compiler\ti-cgt-arm_18.12.3.LTS\lib\</path>
         <kind>archive</kind>
         <file>rtsv7M4_T_le_v4SPD16_eabi.lib</file>
         <name>printf.c.obj</name>
      </input_file>
      <input_file id="fl-c2">
         <path>C:\ti\ccs910\ccs\tools\compiler\ti-cgt-arm_18.12.3.LTS\lib\</path>
         <kind>archive</kind>
         <file>rtsv7M4_T_le_v4SPD16_eabi.lib</file>
         <name>_printfi.c.obj</name>
      </input_file>
      <input_file id="fl-c3">
         <path>C:\ti\ccs910\ccs\tools\compiler\ti-cgt-arm_18.12.3.LTS\lib\</path>
         <kind>archive</kind>
         <file>rtsv7M4_T_le_v4SPD16_eabi.lib</file>
         <name>fputc.c.obj</name>
      </input_file>
      <input_file id="fl-c4">
         <path>C:\ti\ccs910\ccs\tools\compiler\ti-cgt-arm_18.12.3.LTS\lib\</path>
         <kind>archive</kind>
         <file>rtsv7M4_T_le_v4SPD16_eabi.lib</file>
         <name>fputs.c.obj</name>
      </input_file>
      <input_file id="fl-c5">
         <path>C:\ti\ccs910\ccs\tools\compiler\ti-cgt-arm_18.12.3.LTS\lib\</path>
         <kind>archive</kind>
         <file>rtsv7M4_T_le_v4SPD16_eabi.lib</file>
         <name>_io_perm.c.obj</name>
      </input_file>
      <input_file id="fl-c6">
         <path>C:\ti\ccs910\ccs\tools\compiler\ti-cgt-arm_18.12.3.LTS\lib\</path>
         <kind>archive</kind>
         <file>rtsv7M4_T_le_v4SPD16_eabi.lib</file>
         <name>setvbuf.c.obj</name>
      </input_file>
      <input_file id="fl-c7">
         <path>C:\ti\ccs910\ccs\tools\compiler\ti-cgt-arm_18.12.3.LTS\lib\</path>
         <kind>archive</kind>
         <file>rtsv7M4_T_le_v4SPD16_eabi.lib</file>
         <name>wcslen.c.obj</name>
      </input_file>
      <input_file id="fl-c8">
         <path>C:\ti\ccs910\ccs\tools\compiler\ti-cgt-arm_18.12.3.LTS\lib\</path>
         <kind>archive</kind>
         <file>rtsv7M4_T_le_v4SPD16_eabi.lib</file>
         <name>ull_div_t2.asm.obj</name>
      </input_file>
      <input_file id="fl-c9">
         <path>C:\ti\ccs910\ccs\tools\compiler\ti-cgt-arm_18.12.3.LTS\lib\</path>
         <kind>archive</kind>
         <file>rtsv7M4_T_le_v4SPD16_eabi.lib</file>
         <name>memset_t2.asm.obj</name>
      </input_file>
      <input_file id="fl-ca">
         <path>C:\ti\ccs910\ccs\tools\compiler\ti-cgt-arm_18.12.3.LTS\lib\</path>
         <kind>archive</kind>
         <file>rtsv7M4_T_le_v4SPD16_eabi.lib</file>
         <name>fd_add_t2.asm.obj</name>
      </input_file>
      <input_file id="fl-cb">
         <path>C:\ti\ccs910\ccs\tools\compiler\ti-cgt-arm_18.12.3.LTS\lib\</path>
         <kind>archive</kind>
         <file>rtsv7M4_T_le_v4SPD16_eabi.lib</file>
         <name>fd_cmp_t2.asm.obj</name>
      </input_file>
      <input_file id="fl-cc">
         <path>C:\ti\ccs910\ccs\tools\compiler\ti-cgt-arm_18.12.3.LTS\lib\</path>
         <kind>archive</kind>
         <file>rtsv7M4_T_le_v4SPD16_eabi.lib</file>
         <name>fd_div_t2.asm.obj</name>
      </input_file>
      <input_file id="fl-cd">
         <path>C:\ti\ccs910\ccs\tools\compiler\ti-cgt-arm_18.12.3.LTS\lib\</path>
         <kind>archive</kind>
         <file>rtsv7M4_T_le_v4SPD16_eabi.lib</file>
         <name>fd_mul_t2.asm.obj</name>
      </input_file>
      <input_file id="fl-ce">
         <path>C:\ti\ccs910\ccs\tools\compiler\ti-cgt-arm_18.12.3.LTS\lib\</path>
         <kind>archive</kind>
         <file>rtsv7M4_T_le_v4SPD16_eabi.lib</file>
         <name>fd_toi_t2.asm.obj</name>
      </input_file>
      <input_file id="fl-cf">
         <path>C:\ti\ccs910\ccs\tools\compiler\ti-cgt-arm_18.12.3.LTS\lib\</path>
         <kind>archive</kind>
         <file>rtsv7M4_T_le_v4SPD16_eabi.lib</file>
         <name>i_tofd_t2.asm.obj</name>
      </input_file>
      <input_file id="fl-d0">
         <path>C:\ti\ccs910\ccs\tools\compiler\ti-cgt-arm_18.12.3.LTS\lib\</path>
         <kind>archive</kind>
         <file>rtsv7M4_T_le_v4SPD16_eabi.lib</file>
         <name>memcpy_t2.asm.obj</name>
      </input_file>
      <input_file id="fl-d1">
         <path>C:\ti\ccs910\ccs\tools\compiler\ti-cgt-arm_18.12.3.LTS\lib\</path>
         <kind>archive</kind>
         <file>rtsv7M4_T_le_v4SPD16_eabi.lib</file>
         <name>copy_zero_init.c.obj</name>
      </input_file>
      <input_file id="fl-d2">
         <path>C:\ti\ccs910\ccs\tools\compiler\ti-cgt-arm_18.12.3.LTS\lib\</path>
         <kind>archive</kind>
         <file>rtsv7M4_T_le_v4SPD16_eabi.lib</file>
         <name>copy_decompress_none.c.obj</name>
      </input_file>
      <input_file id="fl-d3">
         <path>C:\ti\ccs910\ccs\tools\compiler\ti-cgt-arm_18.12.3.LTS\lib\</path>
         <kind>archive</kind>
         <file>rtsv7M4_T_le_v4SPD16_eabi.lib</file>
         <name>copy_decompress_lzss.c.obj</name>
      </input_file>
      <input_file id="fl-d4">
         <path>C:\ti\ccs910\ccs\tools\compiler\ti-cgt-arm_18.12.3.LTS\lib\</path>
         <kind>archive</kind>
         <file>rtsv7M4_T_le_v4SPD16_eabi.lib</file>
         <name>exit.c.obj</name>
      </input_file>
      <input_file id="fl-d5">
         <path>C:\ti\ccs910\ccs\tools\compiler\ti-cgt-arm_18.12.3.LTS\lib\</path>
         <kind>archive</kind>
         <file>rtsv7M4_T_le_v4SPD16_eabi.lib</file>
         <name>_lock.c.obj</name>
      </input_file>
      <input_file id="fl-d6">
         <path>C:\ti\ccs910\ccs\tools\compiler\ti-cgt-arm_18.12.3.LTS\lib\</path>
         <kind>archive</kind>
         <file>rtsv7M4_T_le_v4SPD16_eabi.lib</file>
         <name>atoi.c.obj</name>
      </input_file>
      <input_file id="fl-d7">
         <path>C:\ti\ccs910\ccs\tools\compiler\ti-cgt-arm_18.12.3.LTS\lib\</path>
         <kind>archive</kind>
         <file>rtsv7M4_T_le_v4SPD16_eabi.lib</file>
         <name>ctype.c.obj</name>
      </input_file>
      <input_file id="fl-d8">
         <path>C:\ti\ccs910\ccs\tools\compiler\ti-cgt-arm_18.12.3.LTS\lib\</path>
         <kind>archive</kind>
         <file>rtsv7M4_T_le_v4SPD16_eabi.lib</file>
         <name>defs.c.obj</name>
      </input_file>
      <input_file id="fl-d9">
         <path>C:\ti\ccs910\ccs\tools\compiler\ti-cgt-arm_18.12.3.LTS\lib\</path>
         <kind>archive</kind>
         <file>rtsv7M4_T_le_v4SPD16_eabi.lib</file>
         <name>ltoa.c.obj</name>
      </input_file>
      <input_file id="fl-da">
         <path>C:\ti\ccs910\ccs\tools\compiler\ti-cgt-arm_18.12.3.LTS\lib\</path>
         <kind>archive</kind>
         <file>rtsv7M4_T_le_v4SPD16_eabi.lib</file>
         <name>memccpy.c.obj</name>
      </input_file>
      <input_file id="fl-db">
         <path>C:\ti\ccs910\ccs\tools\compiler\ti-cgt-arm_18.12.3.LTS\lib\</path>
         <kind>archive</kind>
         <file>rtsv7M4_T_le_v4SPD16_eabi.lib</file>
         <name>memchr.c.obj</name>
      </input_file>
      <input_file id="fl-dc">
         <path>C:\ti\ccs910\ccs\tools\compiler\ti-cgt-arm_18.12.3.LTS\lib\</path>
         <kind>archive</kind>
         <file>rtsv7M4_T_le_v4SPD16_eabi.lib</file>
         <name>memory.c.obj</name>
      </input_file>
      <input_file id="fl-dd">
         <path>C:\ti\ccs910\ccs\tools\compiler\ti-cgt-arm_18.12.3.LTS\lib\</path>
         <kind>archive</kind>
         <file>rtsv7M4_T_le_v4SPD16_eabi.lib</file>
         <name>strchr.c.obj</name>
      </input_file>
      <input_file id="fl-de">
         <path>C:\ti\ccs910\ccs\tools\compiler\ti-cgt-arm_18.12.3.LTS\lib\</path>
         <kind>archive</kind>
         <file>rtsv7M4_T_le_v4SPD16_eabi.lib</file>
         <name>strlen.c.obj</name>
      </input_file>
      <input_file id="fl-df">
         <path>C:\ti\ccs910\ccs\tools\compiler\ti-cgt-arm_18.12.3.LTS\lib\</path>
         <kind>archive</kind>
         <file>rtsv7M4_T_le_v4SPD16_eabi.lib</file>
         <name>errno.c.obj</name>
      </input_file>
      <input_file id="fl-e0">
         <path>C:\ti\ccs910\ccs\tools\compiler\ti-cgt-arm_18.12.3.LTS\lib\</path>
         <kind>archive</kind>
         <file>rtsv7M4_T_le_v4SPD16_eabi.lib</file>
         <name>write.c.obj</name>
      </input_file>
      <input_file id="fl-e1">
         <path>C:\ti\ccs910\ccs\tools\compiler\ti-cgt-arm_18.12.3.LTS\lib\</path>
         <kind>archive</kind>
         <file>rtsv7M4_T_le_v4SPD16_eabi.lib</file>
         <name>host_device.c.obj</name>
      </input_file>
      <input_file id="fl-e2">
         <path>C:\ti\ccs910\ccs\tools\compiler\ti-cgt-arm_18.12.3.LTS\lib\</path>
         <kind>archive</kind>
         <file>rtsv7M4_T_le_v4SPD16_eabi.lib</file>
         <name>boot_cortex_m.c.obj</name>
      </input_file>
      <input_file id="fl-e3">
         <path>C:\ti\ccs910\ccs\tools\compiler\ti-cgt-arm_18.12.3.LTS\lib\</path>
         <kind>archive</kind>
         <file>rtsv7M4_T_le_v4SPD16_eabi.lib</file>
         <name>s_frexp.c.obj</name>
      </input_file>
      <input_file id="fl-e4">
         <path>C:\ti\ccs910\ccs\tools\compiler\ti-cgt-arm_18.12.3.LTS\lib\</path>
         <kind>archive</kind>
         <file>rtsv7M4_T_le_v4SPD16_eabi.lib</file>
         <name>s_scalbn.c.obj</name>
      </input_file>
      <input_file id="fl-e5">
         <path>C:\ti\ccs910\ccs\tools\compiler\ti-cgt-arm_18.12.3.LTS\lib\</path>
         <kind>archive</kind>
         <file>rtsv7M4_T_le_v4SPD16_eabi.lib</file>
         <name>fflush.c.obj</name>
      </input_file>
      <input_file id="fl-e6">
         <path>C:\ti\ccs910\ccs\tools\compiler\ti-cgt-arm_18.12.3.LTS\lib\</path>
         <kind>archive</kind>
         <file>rtsv7M4_T_le_v4SPD16_eabi.lib</file>
         <name>fopen.c.obj</name>
      </input_file>
      <input_file id="fl-e7">
         <path>C:\ti\ccs910\ccs\tools\compiler\ti-cgt-arm_18.12.3.LTS\lib\</path>
         <kind>archive</kind>
         <file>rtsv7M4_T_le_v4SPD16_eabi.lib</file>
         <name>fseek.c.obj</name>
      </input_file>
      <input_file id="fl-e8">
         <path>C:\ti\ccs910\ccs\tools\compiler\ti-cgt-arm_18.12.3.LTS\lib\</path>
         <kind>archive</kind>
         <file>rtsv7M4_T_le_v4SPD16_eabi.lib</file>
         <name>div0.asm.obj</name>
      </input_file>
      <input_file id="fl-e9">
         <path>C:\ti\ccs910\ccs\tools\compiler\ti-cgt-arm_18.12.3.LTS\lib\</path>
         <kind>archive</kind>
         <file>rtsv7M4_T_le_v4SPD16_eabi.lib</file>
         <name>autoinit.c.obj</name>
      </input_file>
      <input_file id="fl-ea">
         <path>C:\ti\ccs910\ccs\tools\compiler\ti-cgt-arm_18.12.3.LTS\lib\</path>
         <kind>archive</kind>
         <file>rtsv7M4_T_le_v4SPD16_eabi.lib</file>
         <name>pre_init.c.obj</name>
      </input_file>
      <input_file id="fl-eb">
         <path>C:\ti\ccs910\ccs\tools\compiler\ti-cgt-arm_18.12.3.LTS\lib\</path>
         <kind>archive</kind>
         <file>rtsv7M4_T_le_v4SPD16_eabi.lib</file>
         <name>cpy_tbl.c.obj</name>
      </input_file>
      <input_file id="fl-ec">
         <path>C:\ti\ccs910\ccs\tools\compiler\ti-cgt-arm_18.12.3.LTS\lib\</path>
         <kind>archive</kind>
         <file>rtsv7M4_T_le_v4SPD16_eabi.lib</file>
         <name>args_main.c.obj</name>
      </input_file>
      <input_file id="fl-ed">
         <path>C:\ti\ccs910\ccs\tools\compiler\ti-cgt-arm_18.12.3.LTS\lib\</path>
         <kind>archive</kind>
         <file>rtsv7M4_T_le_v4SPD16_eabi.lib</file>
         <name>hostclose.c.obj</name>
      </input_file>
      <input_file id="fl-ee">
         <path>C:\ti\ccs910\ccs\tools\compiler\ti-cgt-arm_18.12.3.LTS\lib\</path>
         <kind>archive</kind>
         <file>rtsv7M4_T_le_v4SPD16_eabi.lib</file>
         <name>hostlseek.c.obj</name>
      </input_file>
      <input_file id="fl-ef">
         <path>C:\ti\ccs910\ccs\tools\compiler\ti-cgt-arm_18.12.3.LTS\lib\</path>
         <kind>archive</kind>
         <file>rtsv7M4_T_le_v4SPD16_eabi.lib</file>
         <name>hostopen.c.obj</name>
      </input_file>
      <input_file id="fl-f0">
         <path>C:\ti\ccs910\ccs\tools\compiler\ti-cgt-arm_18.12.3.LTS\lib\</path>
         <kind>archive</kind>
         <file>rtsv7M4_T_le_v4SPD16_eabi.lib</file>
         <name>hostread.c.obj</name>
      </input_file>
      <input_file id="fl-f1">
         <path>C:\ti\ccs910\ccs\tools\compiler\ti-cgt-arm_18.12.3.LTS\lib\</path>
         <kind>archive</kind>
         <file>rtsv7M4_T_le_v4SPD16_eabi.lib</file>
         <name>hostrename.c.obj</name>
      </input_file>
      <input_file id="fl-f2">
         <path>C:\ti\ccs910\ccs\tools\compiler\ti-cgt-arm_18.12.3.LTS\lib\</path>
         <kind>archive</kind>
         <file>rtsv7M4_T_le_v4SPD16_eabi.lib</file>
         <name>hostunlink.c.obj</name>
      </input_file>
      <input_file id="fl-f3">
         <path>C:\ti\ccs910\ccs\tools\compiler\ti-cgt-arm_18.12.3.LTS\lib\</path>
         <kind>archive</kind>
         <file>rtsv7M4_T_le_v4SPD16_eabi.lib</file>
         <name>hostwrite.c.obj</name>
      </input_file>
      <input_file id="fl-f4">
         <path>C:\ti\ccs910\ccs\tools\compiler\ti-cgt-arm_18.12.3.LTS\lib\</path>
         <kind>archive</kind>
         <file>rtsv7M4_T_le_v4SPD16_eabi.lib</file>
         <name>trgmsg.c.obj</name>
      </input_file>
      <input_file id="fl-f5">
         <path>C:\ti\ccs910\ccs\tools\compiler\ti-cgt-arm_18.12.3.LTS\lib\</path>
         <kind>archive</kind>
         <file>rtsv7M4_T_le_v4SPD16_eabi.lib</file>
         <name>open.c.obj</name>
      </input_file>
      <input_file id="fl-f6">
         <path>C:\ti\ccs910\ccs\tools\compiler\ti-cgt-arm_18.12.3.LTS\lib\</path>
         <kind>archive</kind>
         <file>rtsv7M4_T_le_v4SPD16_eabi.lib</file>
         <name>lseek.c.obj</name>
      </input_file>
      <input_file id="fl-f7">
         <path>C:\ti\ccs910\ccs\tools\compiler\ti-cgt-arm_18.12.3.LTS\lib\</path>
         <kind>archive</kind>
         <file>rtsv7M4_T_le_v4SPD16_eabi.lib</file>
         <name>s_copysign.c.obj</name>
      </input_file>
      <input_file id="fl-f8">
         <path>C:\ti\ccs910\ccs\tools\compiler\ti-cgt-arm_18.12.3.LTS\lib\</path>
         <kind>archive</kind>
         <file>rtsv7M4_T_le_v4SPD16_eabi.lib</file>
         <name>fclose.c.obj</name>
      </input_file>
      <input_file id="fl-f9">
         <path>C:\ti\ccs910\ccs\tools\compiler\ti-cgt-arm_18.12.3.LTS\lib\</path>
         <kind>archive</kind>
         <file>rtsv7M4_T_le_v4SPD16_eabi.lib</file>
         <name>getdevice.c.obj</name>
      </input_file>
      <input_file id="fl-fa">
         <path>C:\ti\ccs910\ccs\tools\compiler\ti-cgt-arm_18.12.3.LTS\lib\</path>
         <kind>archive</kind>
         <file>rtsv7M4_T_le_v4SPD16_eabi.lib</file>
         <name>strcmp.c.obj</name>
      </input_file>
      <input_file id="fl-fb">
         <path>C:\ti\ccs910\ccs\tools\compiler\ti-cgt-arm_18.12.3.LTS\lib\</path>
         <kind>archive</kind>
         <file>rtsv7M4_T_le_v4SPD16_eabi.lib</file>
         <name>strcpy.c.obj</name>
      </input_file>
      <input_file id="fl-fc">
         <path>C:\ti\ccs910\ccs\tools\compiler\ti-cgt-arm_18.12.3.LTS\lib\</path>
         <kind>archive</kind>
         <file>rtsv7M4_T_le_v4SPD16_eabi.lib</file>
         <name>strncpy.c.obj</name>
      </input_file>
      <input_file id="fl-fd">
         <path>C:\ti\ccs910\ccs\tools\compiler\ti-cgt-arm_18.12.3.LTS\lib\</path>
         <kind>archive</kind>
         <file>rtsv7M4_T_le_v4SPD16_eabi.lib</file>
         <name>remove.c.obj</name>
      </input_file>
      <input_file id="fl-fe">
         <path>C:\ti\ccs910\ccs\tools\compiler\ti-cgt-arm_18.12.3.LTS\lib\</path>
         <kind>archive</kind>
         <file>rtsv7M4_T_le_v4SPD16_eabi.lib</file>
         <name>close.c.obj</name>
      </input_file>
      <input_file id="fl-ff">
         <path>C:\ti\ccs910\ccs\tools\compiler\ti-cgt-arm_18.12.3.LTS\lib\</path>
         <kind>archive</kind>
         <file>rtsv7M4_T_le_v4SPD16_eabi.lib</file>
         <name>unlink.c.obj</name>
      </input_file>
   </input_file_list>
   <object_component_list>
      <object_component id="oc-23">
         <name>.intvecs:retain</name>
         <load_address>0x0</load_address>
         <run_address>0x0</run_address>
         <size>0xe4</size>
         <input_file_ref idref="fl-6"/>
      </object_component>
      <object_component id="oc-16a">
         <name>.text:__TI_printfi</name>
         <load_address>0xe4</load_address>
         <run_address>0xe4</run_address>
         <size>0xa4e</size>
         <input_file_ref idref="fl-c2"/>
      </object_component>
      <object_component id="oc-188">
         <name>.text:_nop</name>
         <load_address>0xb32</load_address>
         <run_address>0xb32</run_address>
         <size>0x2</size>
         <input_file_ref idref="fl-d5"/>
      </object_component>
      <object_component id="oc-af">
         <name>.text</name>
         <load_address>0xb34</load_address>
         <run_address>0xb34</run_address>
         <size>0x334</size>
         <input_file_ref idref="fl-7"/>
      </object_component>
      <object_component id="oc-1d0">
         <name>.text:_pconv_a</name>
         <load_address>0xe68</load_address>
         <run_address>0xe68</run_address>
         <size>0x270</size>
         <input_file_ref idref="fl-c2"/>
      </object_component>
      <object_component id="oc-1be">
         <name>.text:_pconv_g</name>
         <load_address>0x10d8</load_address>
         <run_address>0x10d8</run_address>
         <size>0x1d0</size>
         <input_file_ref idref="fl-c2"/>
      </object_component>
      <object_component id="oc-249">
         <name>.text</name>
         <load_address>0x12a8</load_address>
         <run_address>0x12a8</run_address>
         <size>0x1b6</size>
         <input_file_ref idref="fl-ca"/>
      </object_component>
      <object_component id="oc-2c0">
         <name>.text</name>
         <load_address>0x145e</load_address>
         <run_address>0x145e</run_address>
         <size>0x2</size>
         <input_file_ref idref="fl-e8"/>
      </object_component>
      <object_component id="oc-da">
         <name>.text</name>
         <load_address>0x1460</load_address>
         <run_address>0x1460</run_address>
         <size>0x174</size>
         <input_file_ref idref="fl-2"/>
      </object_component>
      <object_component id="oc-1ca">
         <name>.text:_pconv_e</name>
         <load_address>0x15d4</load_address>
         <run_address>0x15d4</run_address>
         <size>0x13c</size>
         <input_file_ref idref="fl-c2"/>
      </object_component>
      <object_component id="oc-22f">
         <name>.text</name>
         <load_address>0x1710</load_address>
         <run_address>0x1710</run_address>
         <size>0x136</size>
         <input_file_ref idref="fl-cc"/>
      </object_component>
      <object_component id="oc-25b">
         <name>.text:fcvt</name>
         <load_address>0x1848</load_address>
         <run_address>0x1848</run_address>
         <size>0x124</size>
         <input_file_ref idref="fl-c2"/>
      </object_component>
      <object_component id="oc-1f8">
         <name>.text:fputs</name>
         <load_address>0x196c</load_address>
         <run_address>0x196c</run_address>
         <size>0x114</size>
         <input_file_ref idref="fl-c4"/>
      </object_component>
      <object_component id="oc-26f">
         <name>.text:scalbn</name>
         <load_address>0x1a80</load_address>
         <run_address>0x1a80</run_address>
         <size>0x110</size>
         <input_file_ref idref="fl-e4"/>
      </object_component>
      <object_component id="oc-22a">
         <name>.text</name>
         <load_address>0x1b90</load_address>
         <run_address>0x1b90</run_address>
         <size>0xfc</size>
         <input_file_ref idref="fl-cd"/>
      </object_component>
      <object_component id="oc-e0">
         <name>.text</name>
         <load_address>0x1c8c</load_address>
         <run_address>0x1c8c</run_address>
         <size>0xf8</size>
         <input_file_ref idref="fl-3"/>
      </object_component>
      <object_component id="oc-36b">
         <name>.text:aligned_alloc</name>
         <load_address>0x1d84</load_address>
         <run_address>0x1d84</run_address>
         <size>0xf4</size>
         <input_file_ref idref="fl-dc"/>
      </object_component>
      <object_component id="oc-6d">
         <name>.text</name>
         <load_address>0x1e78</load_address>
         <run_address>0x1e78</run_address>
         <size>0xec</size>
         <input_file_ref idref="fl-5"/>
      </object_component>
      <object_component id="oc-329">
         <name>.text:free</name>
         <load_address>0x1f64</load_address>
         <run_address>0x1f64</run_address>
         <size>0xe8</size>
         <input_file_ref idref="fl-dc"/>
      </object_component>
      <object_component id="oc-2fb">
         <name>.text:setvbuf</name>
         <load_address>0x204c</load_address>
         <run_address>0x204c</run_address>
         <size>0xdc</size>
         <input_file_ref idref="fl-c6"/>
      </object_component>
      <object_component id="oc-1b3">
         <name>.text:_ltostr</name>
         <load_address>0x2128</load_address>
         <run_address>0x2128</run_address>
         <size>0xb1</size>
         <input_file_ref idref="fl-c2"/>
      </object_component>
      <object_component id="oc-37">
         <name>.text</name>
         <load_address>0x21da</load_address>
         <run_address>0x21da</run_address>
         <size>0x9c</size>
         <input_file_ref idref="fl-d0"/>
      </object_component>
      <object_component id="oc-223">
         <name>.text</name>
         <load_address>0x2276</load_address>
         <run_address>0x2276</run_address>
         <size>0x96</size>
         <input_file_ref idref="fl-c8"/>
      </object_component>
      <object_component id="oc-1ff">
         <name>.text:fputc</name>
         <load_address>0x230c</load_address>
         <run_address>0x230c</run_address>
         <size>0x8c</size>
         <input_file_ref idref="fl-c3"/>
      </object_component>
      <object_component id="oc-1b9">
         <name>.text:__aeabi_cdcmple</name>
         <load_address>0x2398</load_address>
         <run_address>0x2398</run_address>
         <size>0x86</size>
         <input_file_ref idref="fl-cb"/>
      </object_component>
      <object_component id="oc-234">
         <name>.text:__aeabi_cdrcmple</name>
         <load_address>0x241e</load_address>
         <run_address>0x241e</run_address>
         <size>0x86</size>
         <input_file_ref idref="fl-cb"/>
      </object_component>
      <object_component id="oc-3b3">
         <name>.text:split</name>
         <load_address>0x24a4</load_address>
         <run_address>0x24a4</run_address>
         <size>0x7c</size>
         <input_file_ref idref="fl-dc"/>
      </object_component>
      <object_component id="oc-91">
         <name>.text</name>
         <load_address>0x2520</load_address>
         <run_address>0x2520</run_address>
         <size>0x7a</size>
         <input_file_ref idref="fl-c9"/>
      </object_component>
      <object_component id="oc-372">
         <name>.text:__TI_closefile</name>
         <load_address>0x259c</load_address>
         <run_address>0x259c</run_address>
         <size>0x74</size>
         <input_file_ref idref="fl-f8"/>
      </object_component>
      <object_component id="oc-254">
         <name>.text:_mcpy</name>
         <load_address>0x2610</load_address>
         <run_address>0x2610</run_address>
         <size>0x6e</size>
         <input_file_ref idref="fl-c2"/>
      </object_component>
      <object_component id="oc-3a2">
         <name>.text:HOSTrename</name>
         <load_address>0x2680</load_address>
         <run_address>0x2680</run_address>
         <size>0x6c</size>
         <input_file_ref idref="fl-f1"/>
      </object_component>
      <object_component id="oc-396">
         <name>.text:HOSTlseek</name>
         <load_address>0x26ec</load_address>
         <run_address>0x26ec</run_address>
         <size>0x68</size>
         <input_file_ref idref="fl-ee"/>
      </object_component>
      <object_component id="oc-14">
         <name>.text:decompress:lzss:__TI_decompress_lzss</name>
         <load_address>0x2754</load_address>
         <run_address>0x2754</run_address>
         <size>0x68</size>
         <input_file_ref idref="fl-d3"/>
      </object_component>
      <object_component id="oc-135">
         <name>.text:printf</name>
         <load_address>0x27bc</load_address>
         <run_address>0x27bc</run_address>
         <size>0x68</size>
         <input_file_ref idref="fl-c1"/>
      </object_component>
      <object_component id="oc-269">
         <name>.text:frexp</name>
         <load_address>0x2824</load_address>
         <run_address>0x2824</run_address>
         <size>0x64</size>
         <input_file_ref idref="fl-e3"/>
      </object_component>
      <object_component id="oc-2f5">
         <name>.text:fseek</name>
         <load_address>0x2888</load_address>
         <run_address>0x2888</run_address>
         <size>0x64</size>
         <input_file_ref idref="fl-e7"/>
      </object_component>
      <object_component id="oc-29d">
         <name>.text:__TI_wrt_ok</name>
         <load_address>0x28ec</load_address>
         <run_address>0x28ec</run_address>
         <size>0x62</size>
         <input_file_ref idref="fl-c5"/>
      </object_component>
      <object_component id="oc-37e">
         <name>.text:HOSTopen</name>
         <load_address>0x2950</load_address>
         <run_address>0x2950</run_address>
         <size>0x60</size>
         <input_file_ref idref="fl-ef"/>
      </object_component>
      <object_component id="oc-3ba">
         <name>.text:close</name>
         <load_address>0x29b0</load_address>
         <run_address>0x29b0</run_address>
         <size>0x5c</size>
         <input_file_ref idref="fl-fe"/>
      </object_component>
      <object_component id="oc-38a">
         <name>.text:HOSTread</name>
         <load_address>0x2a0c</load_address>
         <run_address>0x2a0c</run_address>
         <size>0x58</size>
         <input_file_ref idref="fl-f0"/>
      </object_component>
      <object_component id="oc-390">
         <name>.text:HOSTwrite</name>
         <load_address>0x2a64</load_address>
         <run_address>0x2a64</run_address>
         <size>0x58</size>
         <input_file_ref idref="fl-f3"/>
      </object_component>
      <object_component id="oc-1c4">
         <name>.text:_pconv_f</name>
         <load_address>0x2abc</load_address>
         <run_address>0x2abc</run_address>
         <size>0x56</size>
         <input_file_ref idref="fl-c2"/>
      </object_component>
      <object_component id="oc-23e">
         <name>.text:ltoa</name>
         <load_address>0x2b12</load_address>
         <run_address>0x2b12</run_address>
         <size>0x54</size>
         <input_file_ref idref="fl-d9"/>
      </object_component>
      <object_component id="oc-24e">
         <name>.text:_ecpy</name>
         <load_address>0x2b66</load_address>
         <run_address>0x2b66</run_address>
         <size>0x52</size>
         <input_file_ref idref="fl-c2"/>
      </object_component>
      <object_component id="oc-2a9">
         <name>.text:__TI_doflush</name>
         <load_address>0x2bb8</load_address>
         <run_address>0x2bb8</run_address>
         <size>0x4c</size>
         <input_file_ref idref="fl-e5"/>
      </object_component>
      <object_component id="oc-1ad">
         <name>.text:atoi</name>
         <load_address>0x2c04</load_address>
         <run_address>0x2c04</run_address>
         <size>0x4c</size>
         <input_file_ref idref="fl-d6"/>
      </object_component>
      <object_component id="oc-ed">
         <name>.text:exit</name>
         <load_address>0x2c50</load_address>
         <run_address>0x2c50</run_address>
         <size>0x48</size>
         <input_file_ref idref="fl-d4"/>
      </object_component>
      <object_component id="oc-239">
         <name>.text</name>
         <load_address>0x2c98</load_address>
         <run_address>0x2c98</run_address>
         <size>0x48</size>
         <input_file_ref idref="fl-ce"/>
      </object_component>
      <object_component id="oc-384">
         <name>.text:HOSTclose</name>
         <load_address>0x2ce0</load_address>
         <run_address>0x2ce0</run_address>
         <size>0x44</size>
         <input_file_ref idref="fl-ed"/>
      </object_component>
      <object_component id="oc-39c">
         <name>.text:HOSTunlink</name>
         <load_address>0x2d24</load_address>
         <run_address>0x2d24</run_address>
         <size>0x44</size>
         <input_file_ref idref="fl-f2"/>
      </object_component>
      <object_component id="oc-f3">
         <name>.text:__TI_auto_init_nobinit_nopinit:__TI_auto_init_nobinit_nopinit</name>
         <load_address>0x2d68</load_address>
         <run_address>0x2d68</run_address>
         <size>0x44</size>
         <input_file_ref idref="fl-e9"/>
      </object_component>
      <object_component id="oc-3f2">
         <name>.text:getdevice</name>
         <load_address>0x2dac</load_address>
         <run_address>0x2dac</run_address>
         <size>0x44</size>
         <input_file_ref idref="fl-f9"/>
      </object_component>
      <object_component id="oc-261">
         <name>.text:_fcpy</name>
         <load_address>0x2df0</load_address>
         <run_address>0x2df0</run_address>
         <size>0x3e</size>
         <input_file_ref idref="fl-c2"/>
      </object_component>
      <object_component id="oc-3cb">
         <name>.text:__TI_writemsg</name>
         <load_address>0x2e30</load_address>
         <run_address>0x2e30</run_address>
         <size>0x38</size>
         <input_file_ref idref="fl-f4"/>
      </object_component>
      <object_component id="oc-414">
         <name>.text:strncpy</name>
         <load_address>0x2e68</load_address>
         <run_address>0x2e68</run_address>
         <size>0x36</size>
         <input_file_ref idref="fl-fc"/>
      </object_component>
      <object_component id="oc-335">
         <name>.text:__TI_cleanup</name>
         <load_address>0x2ea0</load_address>
         <run_address>0x2ea0</run_address>
         <size>0x34</size>
         <input_file_ref idref="fl-e6"/>
      </object_component>
      <object_component id="oc-3d1">
         <name>.text:__TI_readmsg</name>
         <load_address>0x2ed4</load_address>
         <run_address>0x2ed4</run_address>
         <size>0x34</size>
         <input_file_ref idref="fl-f4"/>
      </object_component>
      <object_component id="oc-55">
         <name>.text:_c_int00_noargs:_c_int00_noargs</name>
         <load_address>0x2f08</load_address>
         <run_address>0x2f08</run_address>
         <size>0x34</size>
         <input_file_ref idref="fl-e2"/>
      </object_component>
      <object_component id="oc-41a">
         <name>.text:finddevice</name>
         <load_address>0x2f3c</load_address>
         <run_address>0x2f3c</run_address>
         <size>0x30</size>
         <input_file_ref idref="fl-f9"/>
      </object_component>
      <object_component id="oc-244">
         <name>.text</name>
         <load_address>0x2f6c</load_address>
         <run_address>0x2f6c</run_address>
         <size>0x2e</size>
         <input_file_ref idref="fl-cf"/>
      </object_component>
      <object_component id="oc-3c0">
         <name>.text:unlink</name>
         <load_address>0x2f9c</load_address>
         <run_address>0x2f9c</run_address>
         <size>0x2c</size>
         <input_file_ref idref="fl-ff"/>
      </object_component>
      <object_component id="oc-364">
         <name>.text:free_list_insert</name>
         <load_address>0x2fc8</load_address>
         <run_address>0x2fc8</run_address>
         <size>0x28</size>
         <input_file_ref idref="fl-dc"/>
      </object_component>
      <object_component id="oc-321">
         <name>.text:lseek</name>
         <load_address>0x2ff0</load_address>
         <run_address>0x2ff0</run_address>
         <size>0x28</size>
         <input_file_ref idref="fl-f6"/>
      </object_component>
      <object_component id="oc-2af">
         <name>.text:write</name>
         <load_address>0x3018</load_address>
         <run_address>0x3018</run_address>
         <size>0x28</size>
         <input_file_ref idref="fl-e0"/>
      </object_component>
      <object_component id="oc-2a3">
         <name>.text:memchr</name>
         <load_address>0x3040</load_address>
         <run_address>0x3040</run_address>
         <size>0x20</size>
         <input_file_ref idref="fl-db"/>
      </object_component>
      <object_component id="oc-43">
         <name>.text:decompress:ZI:__TI_zero_init_nomemset:__TI_zero_init_nomemset</name>
         <load_address>0x3060</load_address>
         <run_address>0x3060</run_address>
         <size>0x1c</size>
         <input_file_ref idref="fl-d1"/>
      </object_component>
      <object_component id="oc-35e">
         <name>.text:free_list_remove</name>
         <load_address>0x307c</load_address>
         <run_address>0x307c</run_address>
         <size>0x1c</size>
         <input_file_ref idref="fl-dc"/>
      </object_component>
      <object_component id="oc-1d6">
         <name>.text:memccpy</name>
         <load_address>0x3098</load_address>
         <run_address>0x3098</run_address>
         <size>0x1c</size>
         <input_file_ref idref="fl-da"/>
      </object_component>
      <object_component id="oc-2d9">
         <name>.text:copysign</name>
         <load_address>0x30b4</load_address>
         <run_address>0x30b4</run_address>
         <size>0x1a</size>
         <input_file_ref idref="fl-f7"/>
      </object_component>
      <object_component id="oc-9d">
         <name>.text</name>
         <load_address>0x30d0</load_address>
         <run_address>0x30d0</run_address>
         <size>0x18</size>
         <input_file_ref idref="fl-4"/>
      </object_component>
      <object_component id="oc-431">
         <name>.text:strcmp</name>
         <load_address>0x30e8</load_address>
         <run_address>0x30e8</run_address>
         <size>0x18</size>
         <input_file_ref idref="fl-fa"/>
      </object_component>
      <object_component id="oc-275">
         <name>.text:strchr</name>
         <load_address>0x3100</load_address>
         <run_address>0x3100</run_address>
         <size>0x16</size>
         <input_file_ref idref="fl-dd"/>
      </object_component>
      <object_component id="oc-3e5">
         <name>.text:strcpy</name>
         <load_address>0x3116</load_address>
         <run_address>0x3116</run_address>
         <size>0x14</size>
         <input_file_ref idref="fl-fb"/>
      </object_component>
      <object_component id="oc-1a7">
         <name>.text:strlen</name>
         <load_address>0x312a</load_address>
         <run_address>0x312a</run_address>
         <size>0x14</size>
         <input_file_ref idref="fl-de"/>
      </object_component>
      <object_component id="oc-1dc">
         <name>.text:wcslen</name>
         <load_address>0x313e</load_address>
         <run_address>0x313e</run_address>
         <size>0x12</size>
         <input_file_ref idref="fl-c7"/>
      </object_component>
      <object_component id="oc-1a">
         <name>.text:decompress:none:__TI_decompress_none</name>
         <load_address>0x3150</load_address>
         <run_address>0x3150</run_address>
         <size>0xe</size>
         <input_file_ref idref="fl-d2"/>
      </object_component>
      <object_component id="oc-67">
         <name>.text</name>
         <load_address>0x315e</load_address>
         <run_address>0x315e</run_address>
         <size>0xe</size>
         <input_file_ref idref="fl-6"/>
      </object_component>
      <object_component id="oc-1e2">
         <name>.text:__aeabi_errno_addr</name>
         <load_address>0x316c</load_address>
         <run_address>0x316c</run_address>
         <size>0x8</size>
         <input_file_ref idref="fl-df"/>
      </object_component>
      <object_component id="oc-32f">
         <name>.text:malloc</name>
         <load_address>0x3174</load_address>
         <run_address>0x3174</run_address>
         <size>0x8</size>
         <input_file_ref idref="fl-dc"/>
      </object_component>
      <object_component id="oc-179">
         <name>.text:_outc</name>
         <load_address>0x317c</load_address>
         <run_address>0x317c</run_address>
         <size>0x4</size>
         <input_file_ref idref="fl-c1"/>
      </object_component>
      <object_component id="oc-173">
         <name>.text:_outs</name>
         <load_address>0x3180</load_address>
         <run_address>0x3180</run_address>
         <size>0x4</size>
         <input_file_ref idref="fl-c1"/>
      </object_component>
      <object_component id="oc-97">
         <name>.text:_system_pre_init</name>
         <load_address>0x3184</load_address>
         <run_address>0x3184</run_address>
         <size>0x4</size>
         <input_file_ref idref="fl-ea"/>
      </object_component>
      <object_component id="oc-e7">
         <name>.text:abort:abort</name>
         <load_address>0x3188</load_address>
         <run_address>0x3188</run_address>
         <size>0x4</size>
         <input_file_ref idref="fl-d4"/>
      </object_component>
      <object_component id="oc-21e">
         <name>.const:.string:_ctypes_</name>
         <load_address>0x318c</load_address>
         <run_address>0x318c</run_address>
         <size>0x101</size>
         <input_file_ref idref="fl-d7"/>
      </object_component>
      <object_component id="oc-46f">
         <name>.cinit..data.load</name>
         <load_address>0x3290</load_address>
         <run_address>0x3290</run_address>
         <size>0x6e</size>
      </object_component>
      <object_component id="oc-46d">
         <name>__TI_handler_table</name>
         <load_address>0x3300</load_address>
         <run_address>0x3300</run_address>
         <size>0xc</size>
      </object_component>
      <object_component id="oc-470">
         <name>.cinit..bss.load</name>
         <load_address>0x3310</load_address>
         <run_address>0x3310</run_address>
         <size>0x8</size>
      </object_component>
      <object_component id="oc-46e">
         <name>__TI_cinit_table</name>
         <load_address>0x3318</load_address>
         <run_address>0x3318</run_address>
         <size>0x10</size>
      </object_component>
      <object_component id="oc-442">
         <name>.binit</name>
         <load_address>0x0</load_address>
         <run_address>0x0</run_address>
         <size>0x0</size>
      </object_component>
      <object_component id="oc-125">
         <name>.data</name>
         <load_address>0x200005e8</load_address>
         <run_address>0x200005e8</run_address>
         <size>0x4</size>
         <input_file_ref idref="fl-7"/>
      </object_component>
      <object_component id="oc-13d">
         <name>.data:$O1$$</name>
         <load_address>0x200005c8</load_address>
         <run_address>0x200005c8</run_address>
         <size>0xc</size>
         <input_file_ref idref="fl-d4"/>
      </object_component>
      <object_component id="oc-140">
         <name>.data:$O1$$</name>
         <load_address>0x200005d4</load_address>
         <run_address>0x200005d4</run_address>
         <size>0x8</size>
         <input_file_ref idref="fl-d5"/>
      </object_component>
      <object_component id="oc-170">
         <name>.data:_ftable</name>
         <load_address>0x20000400</load_address>
         <run_address>0x20000400</run_address>
         <size>0xf0</size>
         <input_file_ref idref="fl-d8"/>
      </object_component>
      <object_component id="oc-378">
         <name>.data</name>
         <load_address>0x200005b8</load_address>
         <run_address>0x200005b8</run_address>
         <size>0x10</size>
         <input_file_ref idref="fl-d8"/>
      </object_component>
      <object_component id="oc-3ae">
         <name>.data:$O1$$</name>
         <load_address>0x200005dc</load_address>
         <run_address>0x200005dc</run_address>
         <size>0x8</size>
         <input_file_ref idref="fl-dc"/>
      </object_component>
      <object_component id="oc-285">
         <name>.data</name>
         <load_address>0x200005e4</load_address>
         <run_address>0x200005e4</run_address>
         <size>0x4</size>
         <input_file_ref idref="fl-df"/>
      </object_component>
      <object_component id="oc-348">
         <name>.data:_device</name>
         <load_address>0x200004f0</load_address>
         <run_address>0x200004f0</run_address>
         <size>0x78</size>
         <input_file_ref idref="fl-e1"/>
      </object_component>
      <object_component id="oc-307">
         <name>.data:_stream</name>
         <load_address>0x20000568</load_address>
         <run_address>0x20000568</run_address>
         <size>0x50</size>
         <input_file_ref idref="fl-e1"/>
      </object_component>
      <object_component id="oc-3fc">
         <name>.bss:_CIOBUF_</name>
         <uninitialized>true</uninitialized>
         <run_address>0x200005ec</run_address>
         <size>0x120</size>
         <input_file_ref idref="fl-f4"/>
      </object_component>
      <object_component id="oc-3c6">
         <name>.common:__TI_tmpnams</name>
         <uninitialized>true</uninitialized>
         <run_address>0x2000070c</run_address>
         <size>0xa0</size>
      </object_component>
      <object_component id="oc-3d7">
         <name>.common:parmbuf</name>
         <uninitialized>true</uninitialized>
         <run_address>0x200007ac</run_address>
         <size>0x8</size>
      </object_component>
      <object_component id="oc-26">
         <name>.sysmem</name>
         <uninitialized>true</uninitialized>
         <run_address>0x20000000</run_address>
         <size>0x10</size>
         <input_file_ref idref="fl-dc"/>
      </object_component>
      <object_component id="oc-472">
         <name>.sysmem</name>
         <uninitialized>true</uninitialized>
         <run_address>0x20000000</run_address>
         <size>0x0</size>
      </object_component>
      <object_component id="oc-29">
         <name>.stack</name>
         <uninitialized>true</uninitialized>
         <run_address>0x2000fe00</run_address>
         <size>0x4</size>
         <input_file_ref idref="fl-e2"/>
      </object_component>
      <object_component id="oc-471">
         <name>.stack</name>
         <uninitialized>true</uninitialized>
         <run_address>0x2000fe00</run_address>
         <size>0x0</size>
      </object_component>
      <object_component id="oc-133">
         <name>.debug_info</name>
         <load_address>0x0</load_address>
         <run_address>0x0</run_address>
         <size>0x578</size>
         <input_file_ref idref="fl-2"/>
      </object_component>
      <object_component id="oc-db">
         <name>.debug_info</name>
         <load_address>0x578</load_address>
         <run_address>0x578</run_address>
         <size>0x2a6</size>
         <input_file_ref idref="fl-2"/>
      </object_component>
      <object_component id="oc-160">
         <name>.debug_info</name>
         <load_address>0x81e</load_address>
         <run_address>0x81e</run_address>
         <size>0x37e2</size>
         <input_file_ref idref="fl-2"/>
      </object_component>
      <object_component id="oc-b9">
         <name>.debug_info</name>
         <load_address>0x4000</load_address>
         <run_address>0x4000</run_address>
         <size>0x26b</size>
         <input_file_ref idref="fl-2"/>
      </object_component>
      <object_component id="oc-165">
         <name>.debug_info</name>
         <load_address>0x426b</load_address>
         <run_address>0x426b</run_address>
         <size>0x1055</size>
         <input_file_ref idref="fl-2"/>
      </object_component>
      <object_component id="oc-32">
         <name>.debug_info</name>
         <load_address>0x52c0</load_address>
         <run_address>0x52c0</run_address>
         <size>0x84</size>
         <input_file_ref idref="fl-2"/>
      </object_component>
      <object_component id="oc-12e">
         <name>.debug_info</name>
         <load_address>0x5344</load_address>
         <run_address>0x5344</run_address>
         <size>0x297</size>
         <input_file_ref idref="fl-2"/>
      </object_component>
      <object_component id="oc-129">
         <name>.debug_info</name>
         <load_address>0x55db</load_address>
         <run_address>0x55db</run_address>
         <size>0xbb</size>
         <input_file_ref idref="fl-2"/>
      </object_component>
      <object_component id="oc-181">
         <name>.debug_info</name>
         <load_address>0x5696</load_address>
         <run_address>0x5696</run_address>
         <size>0x2c</size>
         <input_file_ref idref="fl-2"/>
      </object_component>
      <object_component id="oc-e3">
         <name>.debug_info</name>
         <load_address>0x56c2</load_address>
         <run_address>0x56c2</run_address>
         <size>0x288</size>
         <input_file_ref idref="fl-3"/>
      </object_component>
      <object_component id="oc-a0">
         <name>.debug_info</name>
         <load_address>0x594a</load_address>
         <run_address>0x594a</run_address>
         <size>0x132</size>
         <input_file_ref idref="fl-4"/>
      </object_component>
      <object_component id="oc-6f">
         <name>.debug_info</name>
         <load_address>0x5a7c</load_address>
         <run_address>0x5a7c</run_address>
         <size>0x15f</size>
         <input_file_ref idref="fl-5"/>
      </object_component>
      <object_component id="oc-75">
         <name>.debug_info</name>
         <load_address>0x5bdb</load_address>
         <run_address>0x5bdb</run_address>
         <size>0x2e5</size>
         <input_file_ref idref="fl-6"/>
      </object_component>
      <object_component id="oc-24">
         <name>.debug_info</name>
         <load_address>0x5ec0</load_address>
         <run_address>0x5ec0</run_address>
         <size>0x111</size>
         <input_file_ref idref="fl-6"/>
      </object_component>
      <object_component id="oc-6a">
         <name>.debug_info</name>
         <load_address>0x5fd1</load_address>
         <run_address>0x5fd1</run_address>
         <size>0x1d8</size>
         <input_file_ref idref="fl-6"/>
      </object_component>
      <object_component id="oc-126">
         <name>.debug_info</name>
         <load_address>0x61a9</load_address>
         <run_address>0x61a9</run_address>
         <size>0x10a</size>
         <input_file_ref idref="fl-7"/>
      </object_component>
      <object_component id="oc-b2">
         <name>.debug_info</name>
         <load_address>0x62b3</load_address>
         <run_address>0x62b3</run_address>
         <size>0x27c</size>
         <input_file_ref idref="fl-7"/>
      </object_component>
      <object_component id="oc-180">
         <name>.debug_info</name>
         <load_address>0x652f</load_address>
         <run_address>0x652f</run_address>
         <size>0x3e6</size>
         <input_file_ref idref="fl-c1"/>
      </object_component>
      <object_component id="oc-17c">
         <name>.debug_info</name>
         <load_address>0x6915</load_address>
         <run_address>0x6915</run_address>
         <size>0x158</size>
         <input_file_ref idref="fl-c1"/>
      </object_component>
      <object_component id="oc-177">
         <name>.debug_info</name>
         <load_address>0x6a6d</load_address>
         <run_address>0x6a6d</run_address>
         <size>0x167</size>
         <input_file_ref idref="fl-c1"/>
      </object_component>
      <object_component id="oc-138">
         <name>.debug_info</name>
         <load_address>0x6bd4</load_address>
         <run_address>0x6bd4</run_address>
         <size>0x1ad</size>
         <input_file_ref idref="fl-c1"/>
      </object_component>
      <object_component id="oc-208">
         <name>.debug_info</name>
         <load_address>0x6d81</load_address>
         <run_address>0x6d81</run_address>
         <size>0xb2</size>
         <input_file_ref idref="fl-c1"/>
      </object_component>
      <object_component id="oc-1e9">
         <name>.debug_info</name>
         <load_address>0x6e33</load_address>
         <run_address>0x6e33</run_address>
         <size>0x57c</size>
         <input_file_ref idref="fl-c2"/>
      </object_component>
      <object_component id="oc-1b6">
         <name>.debug_info</name>
         <load_address>0x73af</load_address>
         <run_address>0x73af</run_address>
         <size>0x21f</size>
         <input_file_ref idref="fl-c2"/>
      </object_component>
      <object_component id="oc-251">
         <name>.debug_info</name>
         <load_address>0x75ce</load_address>
         <run_address>0x75ce</run_address>
         <size>0x1b4</size>
         <input_file_ref idref="fl-c2"/>
      </object_component>
      <object_component id="oc-256">
         <name>.debug_info</name>
         <load_address>0x7782</load_address>
         <run_address>0x7782</run_address>
         <size>0x21c</size>
         <input_file_ref idref="fl-c2"/>
      </object_component>
      <object_component id="oc-1c1">
         <name>.debug_info</name>
         <load_address>0x799e</load_address>
         <run_address>0x799e</run_address>
         <size>0x3bc</size>
         <input_file_ref idref="fl-c2"/>
      </object_component>
      <object_component id="oc-25d">
         <name>.debug_info</name>
         <load_address>0x7d5a</load_address>
         <run_address>0x7d5a</run_address>
         <size>0x306</size>
         <input_file_ref idref="fl-c2"/>
      </object_component>
      <object_component id="oc-263">
         <name>.debug_info</name>
         <load_address>0x8060</load_address>
         <run_address>0x8060</run_address>
         <size>0x216</size>
         <input_file_ref idref="fl-c2"/>
      </object_component>
      <object_component id="oc-1c7">
         <name>.debug_info</name>
         <load_address>0x8276</load_address>
         <run_address>0x8276</run_address>
         <size>0x216</size>
         <input_file_ref idref="fl-c2"/>
      </object_component>
      <object_component id="oc-1cd">
         <name>.debug_info</name>
         <load_address>0x848c</load_address>
         <run_address>0x848c</run_address>
         <size>0x305</size>
         <input_file_ref idref="fl-c2"/>
      </object_component>
      <object_component id="oc-1d2">
         <name>.debug_info</name>
         <load_address>0x8791</load_address>
         <run_address>0x8791</run_address>
         <size>0x4b1</size>
         <input_file_ref idref="fl-c2"/>
      </object_component>
      <object_component id="oc-16d">
         <name>.debug_info</name>
         <load_address>0x8c42</load_address>
         <run_address>0x8c42</run_address>
         <size>0x5f5</size>
         <input_file_ref idref="fl-c2"/>
      </object_component>
      <object_component id="oc-1ea">
         <name>.debug_info</name>
         <load_address>0x9237</load_address>
         <run_address>0x9237</run_address>
         <size>0x86</size>
         <input_file_ref idref="fl-c2"/>
      </object_component>
      <object_component id="oc-291">
         <name>.debug_info</name>
         <load_address>0x92bd</load_address>
         <run_address>0x92bd</run_address>
         <size>0x39</size>
         <input_file_ref idref="fl-c2"/>
      </object_component>
      <object_component id="oc-2f0">
         <name>.debug_info</name>
         <load_address>0x92f6</load_address>
         <run_address>0x92f6</run_address>
         <size>0xb6</size>
         <input_file_ref idref="fl-c2"/>
      </object_component>
      <object_component id="oc-296">
         <name>.debug_info</name>
         <load_address>0x93ac</load_address>
         <run_address>0x93ac</run_address>
         <size>0x46</size>
         <input_file_ref idref="fl-c2"/>
      </object_component>
      <object_component id="oc-1ef">
         <name>.debug_info</name>
         <load_address>0x93f2</load_address>
         <run_address>0x93f2</run_address>
         <size>0x46</size>
         <input_file_ref idref="fl-c2"/>
      </object_component>
      <object_component id="oc-28c">
         <name>.debug_info</name>
         <load_address>0x9438</load_address>
         <run_address>0x9438</run_address>
         <size>0x2c</size>
         <input_file_ref idref="fl-c2"/>
      </object_component>
      <object_component id="oc-2b8">
         <name>.debug_info</name>
         <load_address>0x9464</load_address>
         <run_address>0x9464</run_address>
         <size>0x384</size>
         <input_file_ref idref="fl-c3"/>
      </object_component>
      <object_component id="oc-202">
         <name>.debug_info</name>
         <load_address>0x97e8</load_address>
         <run_address>0x97e8</run_address>
         <size>0x1eb</size>
         <input_file_ref idref="fl-c3"/>
      </object_component>
      <object_component id="oc-2b6">
         <name>.debug_info</name>
         <load_address>0x99d3</load_address>
         <run_address>0x99d3</run_address>
         <size>0x3fd</size>
         <input_file_ref idref="fl-c4"/>
      </object_component>
      <object_component id="oc-1fb">
         <name>.debug_info</name>
         <load_address>0x9dd0</load_address>
         <run_address>0x9dd0</run_address>
         <size>0x2e3</size>
         <input_file_ref idref="fl-c4"/>
      </object_component>
      <object_component id="oc-d1">
         <name>.debug_info</name>
         <load_address>0xa0b3</load_address>
         <run_address>0xa0b3</run_address>
         <size>0x2c</size>
         <input_file_ref idref="fl-c4"/>
      </object_component>
      <object_component id="oc-302">
         <name>.debug_info</name>
         <load_address>0xa0df</load_address>
         <run_address>0xa0df</run_address>
         <size>0x301</size>
         <input_file_ref idref="fl-c5"/>
      </object_component>
      <object_component id="oc-29e">
         <name>.debug_info</name>
         <load_address>0xa3e0</load_address>
         <run_address>0xa3e0</run_address>
         <size>0x19d</size>
         <input_file_ref idref="fl-c5"/>
      </object_component>
      <object_component id="oc-33d">
         <name>.debug_info</name>
         <load_address>0xa57d</load_address>
         <run_address>0xa57d</run_address>
         <size>0xbf</size>
         <input_file_ref idref="fl-c5"/>
      </object_component>
      <object_component id="oc-33c">
         <name>.debug_info</name>
         <load_address>0xa63c</load_address>
         <run_address>0xa63c</run_address>
         <size>0x375</size>
         <input_file_ref idref="fl-c6"/>
      </object_component>
      <object_component id="oc-2fc">
         <name>.debug_info</name>
         <load_address>0xa9b1</load_address>
         <run_address>0xa9b1</run_address>
         <size>0x20c</size>
         <input_file_ref idref="fl-c6"/>
      </object_component>
      <object_component id="oc-284">
         <name>.debug_info</name>
         <load_address>0xabbd</load_address>
         <run_address>0xabbd</run_address>
         <size>0x290</size>
         <input_file_ref idref="fl-c7"/>
      </object_component>
      <object_component id="oc-1df">
         <name>.debug_info</name>
         <load_address>0xae4d</load_address>
         <run_address>0xae4d</run_address>
         <size>0x15b</size>
         <input_file_ref idref="fl-c7"/>
      </object_component>
      <object_component id="oc-2e5">
         <name>.debug_info</name>
         <load_address>0xafa8</load_address>
         <run_address>0xafa8</run_address>
         <size>0x46</size>
         <input_file_ref idref="fl-c7"/>
      </object_component>
      <object_component id="oc-27f">
         <name>.debug_info</name>
         <load_address>0xafee</load_address>
         <run_address>0xafee</run_address>
         <size>0x39</size>
         <input_file_ref idref="fl-c7"/>
      </object_component>
      <object_component id="oc-224">
         <name>.debug_info</name>
         <load_address>0xb027</load_address>
         <run_address>0xb027</run_address>
         <size>0x135</size>
         <input_file_ref idref="fl-c8"/>
      </object_component>
      <object_component id="oc-92">
         <name>.debug_info</name>
         <load_address>0xb15c</load_address>
         <run_address>0xb15c</run_address>
         <size>0x148</size>
         <input_file_ref idref="fl-c9"/>
      </object_component>
      <object_component id="oc-24b">
         <name>.debug_info</name>
         <load_address>0xb2a4</load_address>
         <run_address>0xb2a4</run_address>
         <size>0x14d</size>
         <input_file_ref idref="fl-ca"/>
      </object_component>
      <object_component id="oc-1ba">
         <name>.debug_info</name>
         <load_address>0xb3f1</load_address>
         <run_address>0xb3f1</run_address>
         <size>0x129</size>
         <input_file_ref idref="fl-cb"/>
      </object_component>
      <object_component id="oc-235">
         <name>.debug_info</name>
         <load_address>0xb51a</load_address>
         <run_address>0xb51a</run_address>
         <size>0x12b</size>
         <input_file_ref idref="fl-cb"/>
      </object_component>
      <object_component id="oc-231">
         <name>.debug_info</name>
         <load_address>0xb645</load_address>
         <run_address>0xb645</run_address>
         <size>0x13b</size>
         <input_file_ref idref="fl-cc"/>
      </object_component>
      <object_component id="oc-22c">
         <name>.debug_info</name>
         <load_address>0xb780</load_address>
         <run_address>0xb780</run_address>
         <size>0x13b</size>
         <input_file_ref idref="fl-cd"/>
      </object_component>
      <object_component id="oc-23b">
         <name>.debug_info</name>
         <load_address>0xb8bb</load_address>
         <run_address>0xb8bb</run_address>
         <size>0x12f</size>
         <input_file_ref idref="fl-ce"/>
      </object_component>
      <object_component id="oc-245">
         <name>.debug_info</name>
         <load_address>0xb9ea</load_address>
         <run_address>0xb9ea</run_address>
         <size>0x12d</size>
         <input_file_ref idref="fl-cf"/>
      </object_component>
      <object_component id="oc-38">
         <name>.debug_info</name>
         <load_address>0xbb17</load_address>
         <run_address>0xbb17</run_address>
         <size>0x11a</size>
         <input_file_ref idref="fl-d0"/>
      </object_component>
      <object_component id="oc-90">
         <name>.debug_info</name>
         <load_address>0xbc31</load_address>
         <run_address>0xbc31</run_address>
         <size>0x2d5</size>
         <input_file_ref idref="fl-d1"/>
      </object_component>
      <object_component id="oc-44">
         <name>.debug_info</name>
         <load_address>0xbf06</load_address>
         <run_address>0xbf06</run_address>
         <size>0x1d3</size>
         <input_file_ref idref="fl-d1"/>
      </object_component>
      <object_component id="oc-8b">
         <name>.debug_info</name>
         <load_address>0xc0d9</load_address>
         <run_address>0xc0d9</run_address>
         <size>0x46</size>
         <input_file_ref idref="fl-d1"/>
      </object_component>
      <object_component id="oc-42">
         <name>.debug_info</name>
         <load_address>0xc11f</load_address>
         <run_address>0xc11f</run_address>
         <size>0x2a9</size>
         <input_file_ref idref="fl-d2"/>
      </object_component>
      <object_component id="oc-1b">
         <name>.debug_info</name>
         <load_address>0xc3c8</load_address>
         <run_address>0xc3c8</run_address>
         <size>0x1eb</size>
         <input_file_ref idref="fl-d2"/>
      </object_component>
      <object_component id="oc-3d">
         <name>.debug_info</name>
         <load_address>0xc5b3</load_address>
         <run_address>0xc5b3</run_address>
         <size>0x46</size>
         <input_file_ref idref="fl-d2"/>
      </object_component>
      <object_component id="oc-83">
         <name>.debug_info</name>
         <load_address>0xc5f9</load_address>
         <run_address>0xc5f9</run_address>
         <size>0x2c</size>
         <input_file_ref idref="fl-d2"/>
      </object_component>
      <object_component id="oc-81">
         <name>.debug_info</name>
         <load_address>0xc625</load_address>
         <run_address>0xc625</run_address>
         <size>0x29f</size>
         <input_file_ref idref="fl-d3"/>
      </object_component>
      <object_component id="oc-18">
         <name>.debug_info</name>
         <load_address>0xc8c4</load_address>
         <run_address>0xc8c4</run_address>
         <size>0x251</size>
         <input_file_ref idref="fl-d3"/>
      </object_component>
      <object_component id="oc-2d">
         <name>.debug_info</name>
         <load_address>0xcb15</load_address>
         <run_address>0xcb15</run_address>
         <size>0x60</size>
         <input_file_ref idref="fl-d3"/>
      </object_component>
      <object_component id="oc-ca">
         <name>.debug_info</name>
         <load_address>0xcb75</load_address>
         <run_address>0xcb75</run_address>
         <size>0x46</size>
         <input_file_ref idref="fl-d3"/>
      </object_component>
      <object_component id="oc-7c">
         <name>.debug_info</name>
         <load_address>0xcbbb</load_address>
         <run_address>0xcbbb</run_address>
         <size>0x39</size>
         <input_file_ref idref="fl-d3"/>
      </object_component>
      <object_component id="oc-144">
         <name>.debug_info</name>
         <load_address>0xcbf4</load_address>
         <run_address>0xcbf4</run_address>
         <size>0x3ae</size>
         <input_file_ref idref="fl-d4"/>
      </object_component>
      <object_component id="oc-13e">
         <name>.debug_info</name>
         <load_address>0xcfa2</load_address>
         <run_address>0xcfa2</run_address>
         <size>0x191</size>
         <input_file_ref idref="fl-d4"/>
      </object_component>
      <object_component id="oc-e9">
         <name>.debug_info</name>
         <load_address>0xd133</load_address>
         <run_address>0xd133</run_address>
         <size>0x123</size>
         <input_file_ref idref="fl-d4"/>
      </object_component>
      <object_component id="oc-f1">
         <name>.debug_info</name>
         <load_address>0xd256</load_address>
         <run_address>0xd256</run_address>
         <size>0x185</size>
         <input_file_ref idref="fl-d4"/>
      </object_component>
      <object_component id="oc-190">
         <name>.debug_info</name>
         <load_address>0xd3db</load_address>
         <run_address>0xd3db</run_address>
         <size>0x2ca</size>
         <input_file_ref idref="fl-d5"/>
      </object_component>
      <object_component id="oc-141">
         <name>.debug_info</name>
         <load_address>0xd6a5</load_address>
         <run_address>0xd6a5</run_address>
         <size>0x11f</size>
         <input_file_ref idref="fl-d5"/>
      </object_component>
      <object_component id="oc-189">
         <name>.debug_info</name>
         <load_address>0xd7c4</load_address>
         <run_address>0xd7c4</run_address>
         <size>0x12f</size>
         <input_file_ref idref="fl-d5"/>
      </object_component>
      <object_component id="oc-222">
         <name>.debug_info</name>
         <load_address>0xd8f3</load_address>
         <run_address>0xd8f3</run_address>
         <size>0x2ba</size>
         <input_file_ref idref="fl-d6"/>
      </object_component>
      <object_component id="oc-1ae">
         <name>.debug_info</name>
         <load_address>0xdbad</load_address>
         <run_address>0xdbad</run_address>
         <size>0x17d</size>
         <input_file_ref idref="fl-d6"/>
      </object_component>
      <object_component id="oc-2bd">
         <name>.debug_info</name>
         <load_address>0xdd2a</load_address>
         <run_address>0xdd2a</run_address>
         <size>0xfa</size>
         <input_file_ref idref="fl-d7"/>
      </object_component>
      <object_component id="oc-21f">
         <name>.debug_info</name>
         <load_address>0xde24</load_address>
         <run_address>0xde24</run_address>
         <size>0x106</size>
         <input_file_ref idref="fl-d7"/>
      </object_component>
      <object_component id="oc-1f6">
         <name>.debug_info</name>
         <load_address>0xdf2a</load_address>
         <run_address>0xdf2a</run_address>
         <size>0x145</size>
         <input_file_ref idref="fl-d8"/>
      </object_component>
      <object_component id="oc-171">
         <name>.debug_info</name>
         <load_address>0xe06f</load_address>
         <run_address>0xe06f</run_address>
         <size>0x103</size>
         <input_file_ref idref="fl-d8"/>
      </object_component>
      <object_component id="oc-379">
         <name>.debug_info</name>
         <load_address>0xe172</load_address>
         <run_address>0xe172</run_address>
         <size>0x190</size>
         <input_file_ref idref="fl-d8"/>
      </object_component>
      <object_component id="oc-2cb">
         <name>.debug_info</name>
         <load_address>0xe302</load_address>
         <run_address>0xe302</run_address>
         <size>0x29c</size>
         <input_file_ref idref="fl-d9"/>
      </object_component>
      <object_component id="oc-23f">
         <name>.debug_info</name>
         <load_address>0xe59e</load_address>
         <run_address>0xe59e</run_address>
         <size>0x1ce</size>
         <input_file_ref idref="fl-d9"/>
      </object_component>
      <object_component id="oc-27d">
         <name>.debug_info</name>
         <load_address>0xe76c</load_address>
         <run_address>0xe76c</run_address>
         <size>0x297</size>
         <input_file_ref idref="fl-da"/>
      </object_component>
      <object_component id="oc-1d7">
         <name>.debug_info</name>
         <load_address>0xea03</load_address>
         <run_address>0xea03</run_address>
         <size>0x1b7</size>
         <input_file_ref idref="fl-da"/>
      </object_component>
      <object_component id="oc-304">
         <name>.debug_info</name>
         <load_address>0xebba</load_address>
         <run_address>0xebba</run_address>
         <size>0x2a6</size>
         <input_file_ref idref="fl-db"/>
      </object_component>
      <object_component id="oc-2a7">
         <name>.debug_info</name>
         <load_address>0xee60</load_address>
         <run_address>0xee60</run_address>
         <size>0x25e</size>
         <input_file_ref idref="fl-db"/>
      </object_component>
      <object_component id="oc-78">
         <name>.debug_info</name>
         <load_address>0xf0be</load_address>
         <run_address>0xf0be</run_address>
         <size>0x3b3</size>
         <input_file_ref idref="fl-dc"/>
      </object_component>
      <object_component id="oc-27">
         <name>.debug_info</name>
         <load_address>0xf471</load_address>
         <run_address>0xf471</run_address>
         <size>0x10d</size>
         <input_file_ref idref="fl-dc"/>
      </object_component>
      <object_component id="oc-3af">
         <name>.debug_info</name>
         <load_address>0xf57e</load_address>
         <run_address>0xf57e</run_address>
         <size>0x140</size>
         <input_file_ref idref="fl-dc"/>
      </object_component>
      <object_component id="oc-332">
         <name>.debug_info</name>
         <load_address>0xf6be</load_address>
         <run_address>0xf6be</run_address>
         <size>0x169</size>
         <input_file_ref idref="fl-dc"/>
      </object_component>
      <object_component id="oc-360">
         <name>.debug_info</name>
         <load_address>0xf827</load_address>
         <run_address>0xf827</run_address>
         <size>0x18f</size>
         <input_file_ref idref="fl-dc"/>
      </object_component>
      <object_component id="oc-365">
         <name>.debug_info</name>
         <load_address>0xf9b6</load_address>
         <run_address>0xf9b6</run_address>
         <size>0x1a0</size>
         <input_file_ref idref="fl-dc"/>
      </object_component>
      <object_component id="oc-32a">
         <name>.debug_info</name>
         <load_address>0xfb56</load_address>
         <run_address>0xfb56</run_address>
         <size>0x204</size>
         <input_file_ref idref="fl-dc"/>
      </object_component>
      <object_component id="oc-3b6">
         <name>.debug_info</name>
         <load_address>0xfd5a</load_address>
         <run_address>0xfd5a</run_address>
         <size>0x1dc</size>
         <input_file_ref idref="fl-dc"/>
      </object_component>
      <object_component id="oc-36c">
         <name>.debug_info</name>
         <load_address>0xff36</load_address>
         <run_address>0xff36</run_address>
         <size>0x29a</size>
         <input_file_ref idref="fl-dc"/>
      </object_component>
      <object_component id="oc-c5">
         <name>.debug_info</name>
         <load_address>0x101d0</load_address>
         <run_address>0x101d0</run_address>
         <size>0xb2</size>
         <input_file_ref idref="fl-dc"/>
      </object_component>
      <object_component id="oc-c0">
         <name>.debug_info</name>
         <load_address>0x10282</load_address>
         <run_address>0x10282</run_address>
         <size>0x2c</size>
         <input_file_ref idref="fl-dc"/>
      </object_component>
      <object_component id="oc-2e2">
         <name>.debug_info</name>
         <load_address>0x102ae</load_address>
         <run_address>0x102ae</run_address>
         <size>0x29b</size>
         <input_file_ref idref="fl-dd"/>
      </object_component>
      <object_component id="oc-278">
         <name>.debug_info</name>
         <load_address>0x10549</load_address>
         <run_address>0x10549</run_address>
         <size>0x263</size>
         <input_file_ref idref="fl-dd"/>
      </object_component>
      <object_component id="oc-21d">
         <name>.debug_info</name>
         <load_address>0x107ac</load_address>
         <run_address>0x107ac</run_address>
         <size>0x290</size>
         <input_file_ref idref="fl-de"/>
      </object_component>
      <object_component id="oc-1a9">
         <name>.debug_info</name>
         <load_address>0x10a3c</load_address>
         <run_address>0x10a3c</run_address>
         <size>0x246</size>
         <input_file_ref idref="fl-de"/>
      </object_component>
      <object_component id="oc-289">
         <name>.debug_info</name>
         <load_address>0x10c82</load_address>
         <run_address>0x10c82</run_address>
         <size>0x28a</size>
         <input_file_ref idref="fl-df"/>
      </object_component>
      <object_component id="oc-286">
         <name>.debug_info</name>
         <load_address>0x10f0c</load_address>
         <run_address>0x10f0c</run_address>
         <size>0x10f</size>
         <input_file_ref idref="fl-df"/>
      </object_component>
      <object_component id="oc-1e4">
         <name>.debug_info</name>
         <load_address>0x1101b</load_address>
         <run_address>0x1101b</run_address>
         <size>0x14f</size>
         <input_file_ref idref="fl-df"/>
      </object_component>
      <object_component id="oc-30b">
         <name>.debug_info</name>
         <load_address>0x1116a</load_address>
         <run_address>0x1116a</run_address>
         <size>0x398</size>
         <input_file_ref idref="fl-e0"/>
      </object_component>
      <object_component id="oc-2b1">
         <name>.debug_info</name>
         <load_address>0x11502</load_address>
         <run_address>0x11502</run_address>
         <size>0x190</size>
         <input_file_ref idref="fl-e0"/>
      </object_component>
      <object_component id="oc-350">
         <name>.debug_info</name>
         <load_address>0x11692</load_address>
         <run_address>0x11692</run_address>
         <size>0x120</size>
         <input_file_ref idref="fl-e0"/>
      </object_component>
      <object_component id="oc-355">
         <name>.debug_info</name>
         <load_address>0x117b2</load_address>
         <run_address>0x117b2</run_address>
         <size>0x2c</size>
         <input_file_ref idref="fl-e0"/>
      </object_component>
      <object_component id="oc-34d">
         <name>.debug_info</name>
         <load_address>0x117de</load_address>
         <run_address>0x117de</run_address>
         <size>0x338</size>
         <input_file_ref idref="fl-e1"/>
      </object_component>
      <object_component id="oc-349">
         <name>.debug_info</name>
         <load_address>0x11b16</load_address>
         <run_address>0x11b16</run_address>
         <size>0x10a</size>
         <input_file_ref idref="fl-e1"/>
      </object_component>
      <object_component id="oc-308">
         <name>.debug_info</name>
         <load_address>0x11c20</load_address>
         <run_address>0x11c20</run_address>
         <size>0x10a</size>
         <input_file_ref idref="fl-e1"/>
      </object_component>
      <object_component id="oc-2a">
         <name>.debug_info</name>
         <load_address>0x11d2a</load_address>
         <run_address>0x11d2a</run_address>
         <size>0x10c</size>
         <input_file_ref idref="fl-e2"/>
      </object_component>
      <object_component id="oc-56">
         <name>.debug_info</name>
         <load_address>0x11e36</load_address>
         <run_address>0x11e36</run_address>
         <size>0x1aa</size>
         <input_file_ref idref="fl-e2"/>
      </object_component>
      <object_component id="oc-2d3">
         <name>.debug_info</name>
         <load_address>0x11fe0</load_address>
         <run_address>0x11fe0</run_address>
         <size>0x29b</size>
         <input_file_ref idref="fl-e3"/>
      </object_component>
      <object_component id="oc-26b">
         <name>.debug_info</name>
         <load_address>0x1227b</load_address>
         <run_address>0x1227b</run_address>
         <size>0x196</size>
         <input_file_ref idref="fl-e3"/>
      </object_component>
      <object_component id="oc-317">
         <name>.debug_info</name>
         <load_address>0x12411</load_address>
         <run_address>0x12411</run_address>
         <size>0x39</size>
         <input_file_ref idref="fl-e3"/>
      </object_component>
      <object_component id="oc-2d4">
         <name>.debug_info</name>
         <load_address>0x1244a</load_address>
         <run_address>0x1244a</run_address>
         <size>0x2c</size>
         <input_file_ref idref="fl-e3"/>
      </object_component>
      <object_component id="oc-2e0">
         <name>.debug_info</name>
         <load_address>0x12476</load_address>
         <run_address>0x12476</run_address>
         <size>0x2fe</size>
         <input_file_ref idref="fl-e4"/>
      </object_component>
      <object_component id="oc-270">
         <name>.debug_info</name>
         <load_address>0x12774</load_address>
         <run_address>0x12774</run_address>
         <size>0x226</size>
         <input_file_ref idref="fl-e4"/>
      </object_component>
      <object_component id="oc-306">
         <name>.debug_info</name>
         <load_address>0x1299a</load_address>
         <run_address>0x1299a</run_address>
         <size>0x348</size>
         <input_file_ref idref="fl-e5"/>
      </object_component>
      <object_component id="oc-2ad">
         <name>.debug_info</name>
         <load_address>0x12ce2</load_address>
         <run_address>0x12ce2</run_address>
         <size>0x18b</size>
         <input_file_ref idref="fl-e5"/>
      </object_component>
      <object_component id="oc-336">
         <name>.debug_info</name>
         <load_address>0x12e6d</load_address>
         <run_address>0x12e6d</run_address>
         <size>0x177</size>
         <input_file_ref idref="fl-e6"/>
      </object_component>
      <object_component id="oc-328">
         <name>.debug_info</name>
         <load_address>0x12fe4</load_address>
         <run_address>0x12fe4</run_address>
         <size>0x325</size>
         <input_file_ref idref="fl-e7"/>
      </object_component>
      <object_component id="oc-2f6">
         <name>.debug_info</name>
         <load_address>0x13309</load_address>
         <run_address>0x13309</run_address>
         <size>0x1ed</size>
         <input_file_ref idref="fl-e7"/>
      </object_component>
      <object_component id="oc-2c1">
         <name>.debug_info</name>
         <load_address>0x134f6</load_address>
         <run_address>0x134f6</run_address>
         <size>0x116</size>
         <input_file_ref idref="fl-e8"/>
      </object_component>
      <object_component id="oc-147">
         <name>.debug_info</name>
         <load_address>0x1360c</load_address>
         <run_address>0x1360c</run_address>
         <size>0x4b4</size>
         <input_file_ref idref="fl-e9"/>
      </object_component>
      <object_component id="oc-f4">
         <name>.debug_info</name>
         <load_address>0x13ac0</load_address>
         <run_address>0x13ac0</run_address>
         <size>0x1a7</size>
         <input_file_ref idref="fl-e9"/>
      </object_component>
      <object_component id="oc-196">
         <name>.debug_info</name>
         <load_address>0x13c67</load_address>
         <run_address>0x13c67</run_address>
         <size>0x39</size>
         <input_file_ref idref="fl-e9"/>
      </object_component>
      <object_component id="oc-210">
         <name>.debug_info</name>
         <load_address>0x13ca0</load_address>
         <run_address>0x13ca0</run_address>
         <size>0x39</size>
         <input_file_ref idref="fl-e9"/>
      </object_component>
      <object_component id="oc-19b">
         <name>.debug_info</name>
         <load_address>0x13cd9</load_address>
         <run_address>0x13cd9</run_address>
         <size>0x39</size>
         <input_file_ref idref="fl-e9"/>
      </object_component>
      <object_component id="oc-1a0">
         <name>.debug_info</name>
         <load_address>0x13d12</load_address>
         <run_address>0x13d12</run_address>
         <size>0xcd</size>
         <input_file_ref idref="fl-e9"/>
      </object_component>
      <object_component id="oc-98">
         <name>.debug_info</name>
         <load_address>0x13ddf</load_address>
         <run_address>0x13ddf</run_address>
         <size>0x154</size>
         <input_file_ref idref="fl-ea"/>
      </object_component>
      <object_component id="oc-3dc">
         <name>.debug_info</name>
         <load_address>0x13f33</load_address>
[...]
      </symbol>
      <symbol id="sm-349">
         <name>__aeabi_memclr8</name>
         <value>0x2521</value>
         <object_component_ref idref="oc-91"/>
      </symbol>
      <symbol id="sm-34a">
         <name>__aeabi_memclr4</name>
         <value>0x2521</value>
         <object_component_ref idref="oc-91"/>
      </symbol>
      <symbol id="sm-34b">
         <name>__aeabi_memclr</name>
         <value>0x2521</value>
         <object_component_ref idref="oc-91"/>
      </symbol>
      <symbol id="sm-362">
         <name>__aeabi_dsub</name>
         <value>0x12a9</value>
         <object_component_ref idref="oc-249"/>
      </symbol>
      <symbol id="sm-363">
         <name>__aeabi_dadd</name>
         <value>0x12b3</value>
         <object_component_ref idref="oc-249"/>
      </symbol>
      <symbol id="sm-385">
         <name>__aeabi_cdcmpeq</name>
         <value>0x2399</value>
         <object_component_ref idref="oc-1b9"/>
      </symbol>
      <symbol id="sm-386">
         <name>__aeabi_cdcmple</name>
         <value>0x2399</value>
         <object_component_ref idref="oc-1b9"/>
      </symbol>
      <symbol id="sm-387">
         <name>__aeabi_cdrcmple</name>
         <value>0x241f</value>
         <object_component_ref idref="oc-234"/>
      </symbol>
      <symbol id="sm-39b">
         <name>__aeabi_ddiv</name>
         <value>0x1711</value>
         <object_component_ref idref="oc-22f"/>
      </symbol>
      <symbol id="sm-3a6">
         <name>__aeabi_dmul</name>
         <value>0x1b91</value>
         <object_component_ref idref="oc-22a"/>
      </symbol>
      <symbol id="sm-3b0">
         <name>__aeabi_d2iz</name>
         <value>0x2c99</value>
         <object_component_ref idref="oc-239"/>
      </symbol>
      <symbol id="sm-3ba">
         <name>__aeabi_i2d</name>
         <value>0x2f6d</value>
         <object_component_ref idref="oc-244"/>
      </symbol>
      <symbol id="sm-3d5">
         <name>memcpy</name>
         <value>0x21db</value>
         <object_component_ref idref="oc-37"/>
      </symbol>
      <symbol id="sm-3d6">
         <name>__aeabi_memcpy</name>
         <value>0x21db</value>
         <object_component_ref idref="oc-37"/>
      </symbol>
      <symbol id="sm-3d7">
         <name>__aeabi_memcpy8</name>
         <value>0x21db</value>
         <object_component_ref idref="oc-37"/>
      </symbol>
      <symbol id="sm-3d8">
         <name>__aeabi_memcpy4</name>
         <value>0x21db</value>
         <object_component_ref idref="oc-37"/>
      </symbol>
      <symbol id="sm-3ec">
         <name>__TI_zero_init_nomemset</name>
         <value>0x3061</value>
         <object_component_ref idref="oc-43"/>
      </symbol>
      <symbol id="sm-403">
         <name>__TI_decompress_none</name>
         <value>0x3151</value>
         <object_component_ref idref="oc-1a"/>
      </symbol>
      <symbol id="sm-426">
         <name>__TI_decompress_lzss</name>
         <value>0x2755</value>
         <object_component_ref idref="oc-14"/>
      </symbol>
      <symbol id="sm-44c">
         <name>C$$EXIT</name>
         <value>0x3189</value>
         <object_component_ref idref="oc-e7"/>
      </symbol>
      <symbol id="sm-44d">
         <name>abort</name>
         <value>0x3189</value>
         <object_component_ref idref="oc-e7"/>
      </symbol>
      <symbol id="sm-44e">
         <name>__TI_dtors_ptr</name>
         <value>0x200005cc</value>
         <object_component_ref idref="oc-13d"/>
      </symbol>
      <symbol id="sm-44f">
         <name>__TI_cleanup_ptr</name>
         <value>0x200005c8</value>
         <object_component_ref idref="oc-13d"/>
      </symbol>
      <symbol id="sm-450">
         <name>__TI_enable_exit_profile_output</name>
         <value>0x200005d0</value>
         <object_component_ref idref="oc-13d"/>
      </symbol>
      <symbol id="sm-451">
         <name>exit</name>
         <value>0x2c51</value>
         <object_component_ref idref="oc-ed"/>
      </symbol>
      <symbol id="sm-466">
         <name>_nop</name>
         <value>0xb33</value>
         <object_component_ref idref="oc-188"/>
      </symbol>
      <symbol id="sm-467">
         <name>_lock</name>
         <value>0x200005d4</value>
         <object_component_ref idref="oc-140"/>
      </symbol>
      <symbol id="sm-468">
         <name>_unlock</name>
         <value>0x200005d8</value>
         <object_component_ref idref="oc-140"/>
      </symbol>
      <symbol id="sm-47e">
         <name>atoi</name>
         <value>0x2c05</value>
         <object_component_ref idref="oc-1ad"/>
      </symbol>
      <symbol id="sm-489">
         <name>_ctypes_</name>
         <value>0x318c</value>
         <object_component_ref idref="oc-21e"/>
      </symbol>
      <symbol id="sm-49e">
         <name>__TI_tmpnams</name>
         <value>0x2000070c</value>
      </symbol>
      <symbol id="sm-49f">
         <name>__aeabi_stdout</name>
         <value>0x200005c0</value>
         <object_component_ref idref="oc-378"/>
      </symbol>
      <symbol id="sm-4a0">
         <name>__aeabi_stderr</name>
         <value>0x200005c4</value>
         <object_component_ref idref="oc-378"/>
      </symbol>
      <symbol id="sm-4a1">
         <name>__aeabi_stdin</name>
         <value>0x200005bc</value>
         <object_component_ref idref="oc-378"/>
      </symbol>
      <symbol id="sm-4a2">
         <name>_ftable</name>
         <value>0x20000400</value>
         <object_component_ref idref="oc-170"/>
      </symbol>
      <symbol id="sm-4a3">
         <name>__TI_ft_end</name>
         <value>0x200005b8</value>
         <object_component_ref idref="oc-378"/>
      </symbol>
      <symbol id="sm-4b2">
         <name>ltoa</name>
         <value>0x2b13</value>
         <object_component_ref idref="oc-23e"/>
      </symbol>
      <symbol id="sm-4c2">
         <name>memccpy</name>
         <value>0x3099</value>
         <object_component_ref idref="oc-1d6"/>
      </symbol>
      <symbol id="sm-4d2">
         <name>memchr</name>
         <value>0x3041</value>
         <object_component_ref idref="oc-2a3"/>
      </symbol>
      <symbol id="sm-559">
         <name>_sys_memory</name>
         <value>0x20000000</value>
         <object_component_ref idref="oc-26"/>
      </symbol>
      <symbol id="sm-55a">
         <name>free</name>
         <value>0x1f65</value>
         <object_component_ref idref="oc-329"/>
      </symbol>
      <symbol id="sm-55b">
         <name>memalign</name>
         <value>0x1d85</value>
         <object_component_ref idref="oc-36b"/>
      </symbol>
      <symbol id="sm-55c">
         <name>malloc</name>
         <value>0x3175</value>
         <object_component_ref idref="oc-32f"/>
      </symbol>
      <symbol id="sm-55d">
         <name>aligned_alloc</name>
         <value>0x1d85</value>
         <object_component_ref idref="oc-36b"/>
      </symbol>
      <symbol id="sm-56d">
         <name>strchr</name>
         <value>0x3101</value>
         <object_component_ref idref="oc-275"/>
      </symbol>
      <symbol id="sm-57b">
         <name>strlen</name>
         <value>0x312b</value>
         <object_component_ref idref="oc-1a7"/>
      </symbol>
      <symbol id="sm-591">
         <name>__aeabi_errno_addr</name>
         <value>0x316d</value>
         <object_component_ref idref="oc-1e2"/>
      </symbol>
      <symbol id="sm-592">
         <name>errno</name>
         <value>0x200005e4</value>
         <object_component_ref idref="oc-285"/>
      </symbol>
      <symbol id="sm-5ac">
         <name>write</name>
         <value>0x3019</value>
         <object_component_ref idref="oc-2af"/>
      </symbol>
      <symbol id="sm-5bd">
         <name>_stream</name>
         <value>0x20000568</value>
         <object_component_ref idref="oc-307"/>
      </symbol>
      <symbol id="sm-5be">
         <name>_device</name>
         <value>0x200004f0</value>
         <object_component_ref idref="oc-348"/>
      </symbol>
      <symbol id="sm-5d1">
         <name>__stack</name>
         <value>0x2000fe00</value>
         <object_component_ref idref="oc-29"/>
      </symbol>
      <symbol id="sm-5d2">
         <name>_c_int00_noargs</name>
         <value>0x2f09</value>
         <object_component_ref idref="oc-55"/>
      </symbol>
      <symbol id="sm-5f2">
         <name>frexpl</name>
         <value>0x2825</value>
         <object_component_ref idref="oc-269"/>
      </symbol>
      <symbol id="sm-5f3">
         <name>frexp</name>
         <value>0x2825</value>
         <object_component_ref idref="oc-269"/>
      </symbol>
      <symbol id="sm-610">
         <name>scalbn</name>
         <value>0x1a81</value>
         <object_component_ref idref="oc-26f"/>
      </symbol>
      <symbol id="sm-611">
         <name>scalbnl</name>
         <value>0x1a81</value>
         <object_component_ref idref="oc-26f"/>
      </symbol>
      <symbol id="sm-612">
         <name>ldexpl</name>
         <value>0x1a81</value>
         <object_component_ref idref="oc-26f"/>
      </symbol>
      <symbol id="sm-613">
         <name>ldexp</name>
         <value>0x1a81</value>
         <object_component_ref idref="oc-26f"/>
      </symbol>
      <symbol id="sm-623">
         <name>__TI_doflush</name>
         <value>0x2bb9</value>
         <object_component_ref idref="oc-2a9"/>
      </symbol>
      <symbol id="sm-633">
         <name>__TI_cleanup</name>
         <value>0x2ea1</value>
         <object_component_ref idref="oc-335"/>
      </symbol>
      <symbol id="sm-645">
         <name>fseek</name>
         <value>0x2889</value>
         <object_component_ref idref="oc-2f5"/>
      </symbol>
      <symbol id="sm-64f">
         <name>__aeabi_idiv0</name>
         <value>0x145f</value>
         <object_component_ref idref="oc-2c0"/>
      </symbol>
      <symbol id="sm-650">
         <name>__aeabi_ldiv0</name>
         <value>0x145f</value>
         <object_component_ref idref="oc-2c0"/>
      </symbol>
      <symbol id="sm-678">
         <name>__TI_auto_init_nobinit_nopinit</name>
         <value>0x2d69</value>
         <object_component_ref idref="oc-f3"/>
      </symbol>
      <symbol id="sm-682">
         <name>_system_pre_init</name>
         <value>0x3185</value>
         <object_component_ref idref="oc-97"/>
      </symbol>
      <symbol id="sm-695">
         <name>HOSTclose</name>
         <value>0x2ce1</value>
         <object_component_ref idref="oc-384"/>
      </symbol>
      <symbol id="sm-6a6">
         <name>HOSTlseek</name>
         <value>0x26ed</value>
         <object_component_ref idref="oc-396"/>
      </symbol>
      <symbol id="sm-6b8">
         <name>parmbuf</name>
         <value>0x200007ac</value>
      </symbol>
      <symbol id="sm-6b9">
         <name>HOSTopen</name>
         <value>0x2951</value>
         <object_component_ref idref="oc-37e"/>
      </symbol>
      <symbol id="sm-6ca">
         <name>HOSTread</name>
         <value>0x2a0d</value>
         <object_component_ref idref="oc-38a"/>
      </symbol>
      <symbol id="sm-6db">
         <name>HOSTrename</name>
         <value>0x2681</value>
         <object_component_ref idref="oc-3a2"/>
      </symbol>
      <symbol id="sm-6ec">
         <name>HOSTunlink</name>
         <value>0x2d25</value>
         <object_component_ref idref="oc-39c"/>
      </symbol>
      <symbol id="sm-6fd">
         <name>HOSTwrite</name>
         <value>0x2a65</value>
         <object_component_ref idref="oc-390"/>
      </symbol>
      <symbol id="sm-721">
         <name>__TI_readmsg</name>
         <value>0x2ed5</value>
         <object_component_ref idref="oc-3d1"/>
      </symbol>
      <symbol id="sm-722">
         <name>C$$IO$$</name>
         <value>0x2e5f</value>
         <object_component_ref idref="oc-3cb"/>
      </symbol>
      <symbol id="sm-723">
         <name>__CIOBUF_</name>
         <value>0x200005ec</value>
         <object_component_ref idref="oc-3fc"/>
      </symbol>
      <symbol id="sm-724">
         <name>__TI_writemsg</name>
         <value>0x2e31</value>
         <object_component_ref idref="oc-3cb"/>
      </symbol>
      <symbol id="sm-735">
         <name>lseek</name>
         <value>0x2ff1</value>
         <object_component_ref idref="oc-321"/>
      </symbol>
      <symbol id="sm-73f">
         <name>copysign</name>
         <value>0x30b5</value>
         <object_component_ref idref="oc-2d9"/>
      </symbol>
      <symbol id="sm-740">
         <name>copysignl</name>
         <value>0x30b5</value>
         <object_component_ref idref="oc-2d9"/>
      </symbol>
      <symbol id="sm-755">
         <name>__TI_closefile</name>
         <value>0x259d</value>
         <object_component_ref idref="oc-372"/>
      </symbol>
      <symbol id="sm-778">
         <name>finddevice</name>
         <value>0x2f3d</value>
         <object_component_ref idref="oc-41a"/>
      </symbol>
      <symbol id="sm-779">
         <name>getdevice</name>
         <value>0x2dad</value>
         <object_component_ref idref="oc-3f2"/>
      </symbol>
      <symbol id="sm-788">
         <name>strcmp</name>
         <value>0x30e9</value>
         <object_component_ref idref="oc-431"/>
      </symbol>
      <symbol id="sm-796">
         <name>strcpy</name>
         <value>0x3117</value>
         <object_component_ref idref="oc-3e5"/>
      </symbol>
      <symbol id="sm-7a6">
         <name>strncpy</name>
         <value>0x2e69</value>
         <object_component_ref idref="oc-414"/>
      </symbol>
      <symbol id="sm-7bb">
         <name>close</name>
         <value>0x29b1</value>
         <object_component_ref idref="oc-3ba"/>
      </symbol>
      <symbol id="sm-7cb">
         <name>unlink</name>
         <value>0x2f9d</value>
         <object_component_ref idref="oc-3c0"/>
      </symbol>
      <symbol id="sm-7cc">
         <name>__TI_static_base__</name>
         <value>0x0</value>
      </symbol>
      <symbol id="sm-7cf">
         <name>__mpu_init</name>
         <value>0x0</value>
      </symbol>
      <symbol id="sm-7d0">
         <name>_system_post_cinit</name>
         <value>0x0</value>
      </symbol>
      <symbol id="sm-7d1">
         <name>NMI_Handler</name>
         <value>0x316b</value>
      </symbol>
      <symbol id="sm-7d2">
         <name>HardFault_Handler</name>
         <value>0x316b</value>
      </symbol>
      <symbol id="sm-7d3">
         <name>MemManage_Handler</name>
         <value>0x316b</value>
      </symbol>
      <symbol id="sm-7d4">
         <name>BusFault_Handler</name>
         <value>0x316b</value>
      </symbol>
      <symbol id="sm-7d5">
         <name>UsageFault_Handler</name>
         <value>0x316b</value>
      </symbol>
      <symbol id="sm-7d6">
         <name>SVC_Handler</name>
         <value>0x316b</value>
      </symbol>
      <symbol id="sm-7d7">
         <name>DebugMon_Handler</name>
         <value>0x316b</value>
      </symbol>
      <symbol id="sm-7d8">
         <name>PendSV_Handler</name>
         <value>0x316b</value>
      </symbol>
      <symbol id="sm-7d9">
         <name>SysTick_Handler</name>
         <value>0x316b</value>
      </symbol>
      <symbol id="sm-7da">
         <name>PSS_IRQHandler</name>
         <value>0x316b</value>
      </symbol>
      <symbol id="sm-7db">
         <name>CS_IRQHandler</name>
         <value>0x316b</value>
      </symbol>
      <symbol id="sm-7dc">
         <name>PCM_IRQHandler</name>
         <value>0x316b</value>
      </symbol>
      <symbol id="sm-7dd">
         <name>WDT_A_IRQHandler</name>
         <value>0x316b</value>
      </symbol>
      <symbol id="sm-7de">
         <name>FPU_IRQHandler</name>
         <value>0x316b</value>
      </symbol>
      <symbol id="sm-7df">
         <name>FLCTL_IRQHandler</name>
         <value>0x316b</value>
      </symbol>
      <symbol id="sm-7e0">
         <name>COMP_E0_IRQHandler</name>
         <value>0x316b</value>
      </symbol>
      <symbol id="sm-7e1">
         <name>COMP_E1_IRQHandler</name>
         <value>0x316b</value>
      </symbol>
      <symbol id="sm-7e2">
         <name>TA0_0_IRQHandler</name>
         <value>0x316b</value>
      </symbol>
      <symbol id="sm-7e3">
         <name>TA0_N_IRQHandler</name>
         <value>0x316b</value>
      </symbol>
      <symbol id="sm-7e4">
         <name>TA1_0_IRQHandler</name>
         <value>0x316b</value>
      </symbol>
      <symbol id="sm-7e5">
         <name>TA1_N_IRQHandler</name>
         <value>0x316b</value>
      </symbol>
      <symbol id="sm-7e6">
         <name>TA2_0_IRQHandler</name>
         <value>0x316b</value>
      </symbol>
      <symbol id="sm-7e7">
         <name>TA2_N_IRQHandler</name>
         <value>0x316b</value>
      </symbol>
      <symbol id="sm-7e8">
         <name>TA3_0_IRQHandler</name>
         <value>0x316b</value>
      </symbol>
      <symbol id="sm-7e9">
         <name>TA3_N_IRQHandler</name>
         <value>0x316b</value>
      </symbol>
      <symbol id="sm-7ea">
         <name>EUSCIA0_IRQHandler</name>
         <value>0x316b</value>
      </symbol>
      <symbol id="sm-7eb">
         <name>EUSCIA1_IRQHandler</name>
         <value>0x316b</value>
      </symbol>
      <symbol id="sm-7ec">
         <name>EUSCIA2_IRQHandler</name>
         <value>0x316b</value>
      </symbol>
      <symbol id="sm-7ed">
         <name>EUSCIA3_IRQHandler</name>
         <value>0x316b</value>
      </symbol>
      <symbol id="sm-7ee">
         <name>EUSCIB0_IRQHandler</name>
         <value>0x316b</value>
      </symbol>
      <symbol id="sm-7ef">
         <name>EUSCIB1_IRQHandler</name>
         <value>0x316b</value>
      </symbol>
      <symbol id="sm-7f0">
         <name>EUSCIB2_IRQHandler</name>
         <value>0x316b</value>
      </symbol>
      <symbol id="sm-7f1">
         <name>EUSCIB3_IRQHandler</name>
         <value>0x316b</value>
      </symbol>
      <symbol id="sm-7f2">
         <name>ADC14_IRQHandler</name>
         <value>0x316b</value>
      </symbol>
      <symbol id="sm-7f3">
         <name>T32_INT1_IRQHandler</name>
         <value>0x316b</value>
      </symbol>
      <symbol id="sm-7f4">
         <name>T32_INT2_IRQHandler</name>
         <value>0x316b</value>
      </symbol>
      <symbol id="sm-7f5">
         <name>T32_INTC_IRQHandler</name>
         <value>0x316b</value>
      </symbol>
      <symbol id="sm-7f6">
         <name>AES256_IRQHandler</name>
         <value>0x316b</value>
      </symbol>
      <symbol id="sm-7f7">
         <name>RTC_C_IRQHandler</name>
         <value>0x1f07</value>
      </symbol>
      <symbol id="sm-7f8">
         <name>DMA_ERR_IRQHandler</name>
         <value>0x316b</value>
      </symbol>
      <symbol id="sm-7f9">
         <name>DMA_INT3_IRQHandler</name>
         <value>0x316b</value>
      </symbol>
      <symbol id="sm-7fa">
         <name>DMA_INT2_IRQHandler</name>
         <value>0x316b</value>
      </symbol>
      <symbol id="sm-7fb">
         <name>DMA_INT1_IRQHandler</name>
         <value>0x316b</value>
      </symbol>
      <symbol id="sm-7fc">
         <name>DMA_INT0_IRQHandler</name>
         <value>0x316b</value>
      </symbol>
      <symbol id="sm-7fd">
         <name>PORT1_IRQHandler</name>
         <value>0x316b</value>
      </symbol>
      <symbol id="sm-7fe">
         <name>PORT2_IRQHandler</name>
         <value>0x316b</value>
      </symbol>
      <symbol id="sm-7ff">
         <name>PORT3_IRQHandler</name>
         <value>0x316b</value>
      </symbol>
      <symbol id="sm-800">
         <name>PORT4_IRQHandler</name>
         <value>0x316b</value>
      </symbol>
      <symbol id="sm-801">
         <name>PORT5_IRQHandler</name>
         <value>0x316b</value>
      </symbol>
      <symbol id="sm-802">
         <name>PORT6_IRQHandler</name>
         <value>0x316b</value>
      </symbol>
      <symbol id="sm-803">
         <name>remove</name>
         <value>0x2f9d</value>
      </symbol>
   </symbol_table>
   <title>Link successful</title>
</link_info>
